Archive member included to satisfy reference by file (symbol)

app/libapp.a(main.c.obj)      (--whole-archive)
zephyr/libzephyr.a(heap.c.obj)
                              (--whole-archive)
zephyr/libzephyr.a(cbprintf_packaged.c.obj)
                              (--whole-archive)
zephyr/libzephyr.a(printk.c.obj)
                              (--whole-archive)
zephyr/libzephyr.a(sem.c.obj)
                              (--whole-archive)
zephyr/libzephyr.a(thread_entry.c.obj)
                              (--whole-archive)
zephyr/libzephyr.a(cbprintf_complete.c.obj)
                              (--whole-archive)
zephyr/libzephyr.a(assert.c.obj)
                              (--whole-archive)
zephyr/libzephyr.a(mpsc_pbuf.c.obj)
                              (--whole-archive)
zephyr/libzephyr.a(dec.c.obj)
                              (--whole-archive)
zephyr/libzephyr.a(hex.c.obj)
                              (--whole-archive)
zephyr/libzephyr.a(rb.c.obj)  (--whole-archive)
zephyr/libzephyr.a(timeutil.c.obj)
                              (--whole-archive)
zephyr/libzephyr.a(bitarray.c.obj)
                              (--whole-archive)
zephyr/libzephyr.a(onoff.c.obj)
                              (--whole-archive)
zephyr/libzephyr.a(notify.c.obj)
                              (--whole-archive)
zephyr/libzephyr.a(configs.c.obj)
                              (--whole-archive)
zephyr/libzephyr.a(ipc_service.c.obj)
                              (--whole-archive)
zephyr/libzephyr.a(ipc_rpmsg_static_vrings.c.obj)
                              (--whole-archive)
zephyr/libzephyr.a(ipc_rpmsg.c.obj)
                              (--whole-archive)
zephyr/libzephyr.a(ipc_static_vrings.c.obj)
                              (--whole-archive)
zephyr/libzephyr.a(log_core.c.obj)
                              (--whole-archive)
zephyr/libzephyr.a(log_mgmt.c.obj)
                              (--whole-archive)
zephyr/libzephyr.a(log_cache.c.obj)
                              (--whole-archive)
zephyr/libzephyr.a(log_msg.c.obj)
                              (--whole-archive)
zephyr/libzephyr.a(log_output.c.obj)
                              (--whole-archive)
zephyr/libzephyr.a(log_backend_rtt.c.obj)
                              (--whole-archive)
zephyr/libzephyr.a(mem_attr.c.obj)
                              (--whole-archive)
zephyr/libzephyr.a(tracing_none.c.obj)
                              (--whole-archive)
zephyr/libzephyr.a(banner.c.obj)
                              (--whole-archive)
zephyr/libzephyr.a(hci_vs_sdc.c.obj)
                              (--whole-archive)
zephyr/libzephyr.a(host_extensions.c.obj)
                              (--whole-archive)
zephyr/libzephyr.a(flash_map_partition_manager.c.obj)
                              (--whole-archive)
zephyr/libzephyr.a(utils.c.obj)
                              (--whole-archive)
zephyr/libzephyr.a(aes_decrypt.c.obj)
                              (--whole-archive)
zephyr/libzephyr.a(aes_encrypt.c.obj)
                              (--whole-archive)
zephyr/libzephyr.a(sha256.c.obj)
                              (--whole-archive)
zephyr/libzephyr.a(hmac.c.obj)
                              (--whole-archive)
zephyr/libzephyr.a(hmac_prng.c.obj)
                              (--whole-archive)
zephyr/arch/common/libarch__common.a(sw_isr_common.c.obj)
                              (--whole-archive)
zephyr/arch/arch/arm/core/libarch__arm__core.a(fatal.c.obj)
                              (--whole-archive)
zephyr/arch/arch/arm/core/libarch__arm__core.a(nmi.c.obj)
                              (--whole-archive)
zephyr/arch/arch/arm/core/libarch__arm__core.a(nmi_on_reset.S.obj)
                              (--whole-archive)
zephyr/arch/arch/arm/core/libarch__arm__core.a(tls.c.obj)
                              (--whole-archive)
zephyr/arch/arch/arm/core/cortex_m/libarch__arm__core__cortex_m.a(exc_exit.c.obj)
                              (--whole-archive)
zephyr/arch/arch/arm/core/cortex_m/libarch__arm__core__cortex_m.a(fault.c.obj)
                              (--whole-archive)
zephyr/arch/arch/arm/core/cortex_m/libarch__arm__core__cortex_m.a(fault_s.S.obj)
                              (--whole-archive)
zephyr/arch/arch/arm/core/cortex_m/libarch__arm__core__cortex_m.a(fpu.c.obj)
                              (--whole-archive)
zephyr/arch/arch/arm/core/cortex_m/libarch__arm__core__cortex_m.a(reset.S.obj)
                              (--whole-archive)
zephyr/arch/arch/arm/core/cortex_m/libarch__arm__core__cortex_m.a(scb.c.obj)
                              (--whole-archive)
zephyr/arch/arch/arm/core/cortex_m/libarch__arm__core__cortex_m.a(thread_abort.c.obj)
                              (--whole-archive)
zephyr/arch/arch/arm/core/cortex_m/libarch__arm__core__cortex_m.a(vector_table.S.obj)
                              (--whole-archive)
zephyr/arch/arch/arm/core/cortex_m/libarch__arm__core__cortex_m.a(swap.c.obj)
                              (--whole-archive)
[...]
Memory Configuration

Name             Origin             Length             Attributes
FLASH            0x0000000000008000 0x00000000000f8000 xr
RAM              0x0000000020008000 0x0000000000068000 xw
IDT_LIST         0x00000000ffff7fff 0x0000000000008000 xw
*default*        0x0000000000000000 0xffffffffffffffff

Linker script and memory map

                0x0000000000011114                vfprintf = __l_vfprintf
                0x0000000000000000                vfscanf = __l_vfscanf
LOAD zephyr/CMakeFiles/zephyr_final.dir/misc/empty_file.c.obj
LOAD zephyr/CMakeFiles/zephyr_final.dir/isr_tables.c.obj
LOAD zephyr/CMakeFiles/offsets.dir/./arch/arm/core/offsets/offsets.c.obj
LOAD tfm/api_ns/interface/lib/s_veneers.o
LOAD app/libapp.a
LOAD zephyr/libzephyr.a
LOAD zephyr/arch/common/libarch__common.a
LOAD zephyr/arch/arch/arm/core/libarch__arm__core.a
LOAD zephyr/arch/arch/arm/core/cortex_m/libarch__arm__core__cortex_m.a
LOAD zephyr/arch/arch/arm/core/cortex_m/cmse/libarch__arm__core__cortex_m__cmse.a
LOAD zephyr/arch/arch/arm/core/mpu/libarch__arm__core__mpu.a
LOAD zephyr/lib/libc/picolibc/liblib__libc__picolibc.a
LOAD zephyr/lib/libc/common/liblib__libc__common.a
LOAD zephyr/lib/net_buf/liblib__net_buf.a
LOAD zephyr/soc/soc/nrf5340/libsoc__nordic.a
LOAD zephyr/subsys/bluetooth/common/libsubsys__bluetooth__common.a
LOAD zephyr/subsys/bluetooth/host/libsubsys__bluetooth__host.a
LOAD zephyr/drivers/bluetooth/libdrivers__bluetooth.a
LOAD zephyr/drivers/clock_control/libdrivers__clock_control.a
LOAD zephyr/drivers/console/libdrivers__console.a
LOAD zephyr/drivers/gpio/libdrivers__gpio.a
LOAD zephyr/drivers/mbox/libdrivers__mbox.a
LOAD zephyr/drivers/timer/libdrivers__timer.a
LOAD modules/nrf/lib/dk_buttons_and_leds/lib..__nrf__lib__dk_buttons_and_leds.a
LOAD modules/nrf/subsys/nrf_security/src/zephyr/libmbedtls_zephyr.a
LOAD modules/nrf/modules/trusted-firmware-m/lib..__nrf__modules__trusted-firmware-m.a
LOAD modules/nrf/modules/trusted-firmware-m/libtfm_api_nrf.a
LOAD modules/trusted-firmware-m/libtfm_api.a
LOAD modules/hal_nordic/nrfx/libmodules__hal_nordic__nrfx.a
LOAD modules/libmetal/libmetal/lib/libmetal.a
LOAD modules/open-amp/open-amp/lib/libopen_amp.a
LOAD modules/segger/libmodules__segger.a
LOAD zephyr/kernel/libkernel.a
LOAD zephyr/arch/common/libisr_tables.a
LOAD modules/nrf/subsys/nrf_security/src/libmbedcrypto.a
LOAD modules/nrf/subsys/nrf_security/src/libmbedcrypto_base.a
LOAD modules/nrf/subsys/nrf_security/src/libnrf_security_utils.a
LOAD zephyr/kernel/libkernel.a
LOAD C:/ncs/v2.9.0/nrfxlib/crypto/nrf_oberon/lib/cortex-m33/soft-float/liboberon_mbedtls_3.0.15.a
LOAD C:/ncs/v2.9.0/nrfxlib/crypto/nrf_oberon/lib/cortex-m33/soft-float/liboberon_3.0.15.a
LOAD c:\ncs\toolchains\b620d30767\opt\zephyr-sdk\arm-zephyr-eabi\bin\../lib/gcc/../../picolibc/arm-zephyr-eabi/lib/thumb/v8-m.main/nofp\libc.a
LOAD c:/ncs/toolchains/b620d30767/opt/zephyr-sdk/arm-zephyr-eabi/bin/../lib/gcc/arm-zephyr-eabi/12.2.0/thumb/v8-m.main/nofp\libgcc.a
                0x0000000000000020                _region_min_align = 0x20

.rel.plt        0x0000000000008000        0x0
 *(SORT_BY_ALIGNMENT(.rel.plt))
                [!provide]                        PROVIDE (__rel_iplt_start = .)
 *(SORT_BY_ALIGNMENT(.rel.iplt))
 .rel.iplt      0x0000000000008000        0x0 zephyr/CMakeFiles/zephyr_final.dir/isr_tables.c.obj
                [!provide]                        PROVIDE (__rel_iplt_end = .)

.rela.plt       0x0000000000000000        0x0
 *(SORT_BY_ALIGNMENT(.rela.plt))
                [!provide]                        PROVIDE (__rela_iplt_start = .)
 *(SORT_BY_ALIGNMENT(.rela.iplt))
                [!provide]                        PROVIDE (__rela_iplt_end = .)

.rel.dyn
 *(SORT_BY_ALIGNMENT(.rel.*))

.rela.dyn
 *(SORT_BY_ALIGNMENT(.rela.*))

/DISCARD/
 *(SORT_BY_ALIGNMENT(.plt))

/DISCARD/
 *(SORT_BY_ALIGNMENT(.iplt))
                0x0000000000008000                __rom_region_start = 0x8000

rom_start       0x0000000000008000      0x154
                0x0000000000008000                __rom_start_address = .
 FILL mask 0x00
                0x0000000000008000                . = (. + (0x0 - (. - __rom_start_address)))
                0x0000000000008000                . = ALIGN (0x4)
                0x0000000000008000                . = ALIGN (0x80)
                0x0000000000008000                . = ALIGN (0x200)
                0x0000000000008000                _vector_start = .
 *(SORT_BY_ALIGNMENT(.exc_vector_table))
 *(SORT_BY_ALIGNMENT(.exc_vector_table.*))
 .exc_vector_table._vector_table_section
                0x0000000000008000       0x40 zephyr/arch/arch/arm/core/cortex_m/libarch__arm__core__cortex_m.a(vector_table.S.obj)
                0x0000000000008000                _vector_table
 *(SORT_BY_ALIGNMENT(.vectors))
                0x0000000000008154                _vector_end = .
                0x0000000000008040                . = ALIGN (0x4)
 *(SORT_BY_ALIGNMENT(.gnu.linkonce.irq_vector_table*))
 .gnu.linkonce.irq_vector_table
                0x0000000000008040      0x114 zephyr/CMakeFiles/zephyr_final.dir/isr_tables.c.obj
                0x0000000000008040                _irq_vector_table
                0x0000000000008154                _vector_end = .

text            0x0000000000008154     0xcc44
                0x0000000000008154                __text_region_start = .
 *(SORT_BY_ALIGNMENT(.text))
 .text          0x0000000000008154       0x14 c:\ncs\toolchains\b620d30767\opt\zephyr-sdk\arm-zephyr-eabi\bin\../lib/gcc/../../picolibc/arm-zephyr-eabi/lib/thumb/v8-m.main/nofp\libc.a(strcmp.S.o)
                0x0000000000008154                strcmp
 .text          0x0000000000008168       0x10 c:\ncs\toolchains\b620d30767\opt\zephyr-sdk\arm-zephyr-eabi\bin\../lib/gcc/../../picolibc/arm-zephyr-eabi/lib/thumb/v8-m.main/nofp\libc.a(strcpy.S.o)
                0x0000000000008168                strcpy
 .text          0x0000000000008178       0x10 c:\ncs\toolchains\b620d30767\opt\zephyr-sdk\arm-zephyr-eabi\bin\../lib/gcc/../../picolibc/arm-zephyr-eabi/lib/thumb/v8-m.main/nofp\libc.a(strlen.S.o)
                0x0000000000008178                strlen
 *(SORT_BY_ALIGNMENT(.text.*))
 .text.main     0x0000000000008188       0xb0 app/libapp.a(main.c.obj)
                0x0000000000008188                main
 .text.cbvprintf_package
                0x0000000000008238      0x3a4 zephyr/libzephyr.a(cbprintf_packaged.c.obj)
                0x0000000000008238                cbvprintf_package
 .text.cbprintf_package_convert
                0x00000000000085dc      0x3c0 zephyr/libzephyr.a(cbprintf_packaged.c.obj)
                0x00000000000085dc                cbprintf_package_convert
 .text.__printk_hook_install
                0x000000000000899c        0xc zephyr/libzephyr.a(printk.c.obj)
                0x000000000000899c                __printk_hook_install
 .text.z_thread_entry
                0x00000000000089a8       0x34 zephyr/libzephyr.a(thread_entry.c.obj)
                0x00000000000089a8                z_thread_entry
 .text.process_event
                0x00000000000089dc      0x21c zephyr/libzephyr.a(onoff.c.obj)
 .text.ipc_service_open_instance
                0x0000000000008bf8       0x40 zephyr/libzephyr.a(ipc_service.c.obj)
                0x0000000000008bf8                ipc_service_open_instance
 .text.ipc_service_close_instance
                0x0000000000008c38       0x40 zephyr/libzephyr.a(ipc_service.c.obj)
                0x0000000000008c38                ipc_service_close_instance
 .text.ipc_service_register_endpoint
                0x0000000000008c78       0x44 zephyr/libzephyr.a(ipc_service.c.obj)
                0x0000000000008c78                ipc_service_register_endpoint
 .text.ipc_service_deregister_endpoint
                0x0000000000008cbc       0x58 zephyr/libzephyr.a(ipc_service.c.obj)
                0x0000000000008cbc                ipc_service_deregister_endpoint
 .text.ipc_service_send
                0x0000000000008d14       0x5c zephyr/libzephyr.a(ipc_service.c.obj)
                0x0000000000008d14                ipc_service_send
 .text.shared_memory_prepare
                0x0000000000008d70       0x14 zephyr/libzephyr.a(ipc_rpmsg_static_vrings.c.obj)
 .text.advertise_ept
                0x0000000000008d84       0x44 zephyr/libzephyr.a(ipc_rpmsg_static_vrings.c.obj)
 .text.get_ept  0x0000000000008dc8       0x28 zephyr/libzephyr.a(ipc_rpmsg_static_vrings.c.obj)
 .text.open     0x0000000000008df0      0x1b8 zephyr/libzephyr.a(ipc_rpmsg_static_vrings.c.obj)
 .text.bound_cb
                0x0000000000008fa8       0x30 zephyr/libzephyr.a(ipc_rpmsg_static_vrings.c.obj)
 .text.send     0x0000000000008fd8       0x4c zephyr/libzephyr.a(ipc_rpmsg_static_vrings.c.obj)
 .text.register_ept
                0x0000000000009024       0xe0 zephyr/libzephyr.a(ipc_rpmsg_static_vrings.c.obj)
 .text.deregister_ept
                0x0000000000009104       0x44 zephyr/libzephyr.a(ipc_rpmsg_static_vrings.c.obj)
 .text.ns_bind_cb
                0x0000000000009148       0x6c zephyr/libzephyr.a(ipc_rpmsg.c.obj)
 .text.ipc_rpmsg_register_ept
                0x00000000000091b4       0x3c zephyr/libzephyr.a(ipc_rpmsg.c.obj)
                0x00000000000091b4                ipc_rpmsg_register_ept
 .text.ipc_rpmsg_init
                0x00000000000091f0       0x70 zephyr/libzephyr.a(ipc_rpmsg.c.obj)
                0x00000000000091f0                ipc_rpmsg_init
 .text.ipc_static_vrings_init
                0x0000000000009260      0x108 zephyr/libzephyr.a(ipc_static_vrings.c.obj)
                0x0000000000009260                ipc_static_vrings_init
 .text.activate_foreach_backend
                0x0000000000009368       0x64 zephyr/libzephyr.a(log_core.c.obj)
 .text.enable_logger
                0x00000000000093cc       0x5c zephyr/libzephyr.a(log_core.c.obj)
 .text.log_process_thread_timer_expiry_fn
                0x0000000000009428        0xc zephyr/libzephyr.a(log_core.c.obj)
 .text.z_log_init
                0x0000000000009434       0x90 zephyr/libzephyr.a(log_core.c.obj)
 .text.log_format_func_t_get
                0x00000000000094c4        0xc zephyr/libzephyr.a(log_core.c.obj)
                0x00000000000094c4                log_format_func_t_get
 .text.log_set_timestamp_func
                0x00000000000094d0       0x20 zephyr/libzephyr.a(log_core.c.obj)
                0x00000000000094d0                log_set_timestamp_func
 .text.z_log_notify_backend_enabled
                0x00000000000094f0       0x1c zephyr/libzephyr.a(log_core.c.obj)
                0x00000000000094f0                z_log_notify_backend_enabled
 .text.z_log_dropped
                0x000000000000950c       0x3c zephyr/libzephyr.a(log_core.c.obj)
                0x000000000000950c                z_log_dropped
 .text.z_log_dropped_read_and_clear
                0x0000000000009548       0x18 zephyr/libzephyr.a(log_core.c.obj)
                0x0000000000009548                z_log_dropped_read_and_clear
 .text.dropped_notify
                0x0000000000009560       0x30 zephyr/libzephyr.a(log_core.c.obj)
                0x0000000000009560                dropped_notify
 .text.z_log_msg_init
                0x0000000000009590       0x20 zephyr/libzephyr.a(log_core.c.obj)
                0x0000000000009590                z_log_msg_init
 .text.log_core_init
                0x00000000000095b0       0x34 zephyr/libzephyr.a(log_core.c.obj)
                0x00000000000095b0                log_core_init
 .text.z_log_msg_alloc
                0x00000000000095e4       0x10 zephyr/libzephyr.a(log_core.c.obj)
                0x00000000000095e4                z_log_msg_alloc
 .text.z_log_msg_local_claim
                0x00000000000095f4        0xc zephyr/libzephyr.a(log_core.c.obj)
                0x00000000000095f4                z_log_msg_local_claim
 .text.z_log_msg_free
                0x0000000000009600       0x10 zephyr/libzephyr.a(log_core.c.obj)
                0x0000000000009600                z_log_msg_free
 .text.z_log_msg_pending
                0x0000000000009610        0xc zephyr/libzephyr.a(log_core.c.obj)
                0x0000000000009610                z_log_msg_pending
 .text.z_impl_log_process
                0x000000000000961c       0xb4 zephyr/libzephyr.a(log_core.c.obj)
                0x000000000000961c                z_impl_log_process
 .text.z_impl_log_panic
                0x00000000000096d0       0x44 zephyr/libzephyr.a(log_core.c.obj)
                0x00000000000096d0                z_impl_log_panic
 .text.log_process_thread_func
                0x0000000000009714       0xa4 zephyr/libzephyr.a(log_core.c.obj)
 .text.z_log_msg_post_finalize
                0x00000000000097b8       0x78 zephyr/libzephyr.a(log_core.c.obj)
 .text.z_log_msg_commit
                0x0000000000009830       0x24 zephyr/libzephyr.a(log_core.c.obj)
                0x0000000000009830                z_log_msg_commit
 .text.log_source_name_get
                0x0000000000009854       0x1c zephyr/libzephyr.a(log_mgmt.c.obj)
                0x0000000000009854                log_source_name_get
 .text.log_backend_enable
                0x0000000000009870       0x28 zephyr/libzephyr.a(log_mgmt.c.obj)
                0x0000000000009870                log_backend_enable
 .text.z_impl_z_log_msg_static_create
                0x0000000000009898      0x108 zephyr/libzephyr.a(log_msg.c.obj)
                0x0000000000009898                z_impl_z_log_msg_static_create
 .text.z_log_msg_runtime_vcreate
                0x00000000000099a0       0xa0 zephyr/libzephyr.a(log_msg.c.obj)
                0x00000000000099a0                z_log_msg_runtime_vcreate
 .text.log_msg_get_source_id
                0x0000000000009a40       0x18 zephyr/libzephyr.a(log_msg.c.obj)
                0x0000000000009a40                log_msg_get_source_id
 .text.print_formatted
                0x0000000000009a58       0x24 zephyr/libzephyr.a(log_output.c.obj)
 .text.newline_print
                0x0000000000009a7c       0x1c zephyr/libzephyr.a(log_output.c.obj)
 .text.log_output_process
                0x0000000000009a98      0x2d4 zephyr/libzephyr.a(log_output.c.obj)
                0x0000000000009a98                log_output_process
 .text.log_output_dropped_process
                0x0000000000009d6c       0x58 zephyr/libzephyr.a(log_output.c.obj)
                0x0000000000009d6c                log_output_dropped_process
 .text.log_output_timestamp_freq_set
                0x0000000000009dc4       0x2c zephyr/libzephyr.a(log_output.c.obj)
                0x0000000000009dc4                log_output_timestamp_freq_set
 .text.log_backend_rtt_init
                0x0000000000009df0        0xc zephyr/libzephyr.a(log_backend_rtt.c.obj)
 .text.format_set
                0x0000000000009dfc        0xc zephyr/libzephyr.a(log_backend_rtt.c.obj)
 .text.dropped  0x0000000000009e08        0xc zephyr/libzephyr.a(log_backend_rtt.c.obj)
 .text.process  0x0000000000009e14       0x24 zephyr/libzephyr.a(log_backend_rtt.c.obj)
 .text.panic    0x0000000000009e38       0x34 zephyr/libzephyr.a(log_backend_rtt.c.obj)
 .text.on_failed_write
                0x0000000000009e6c       0x28 zephyr/libzephyr.a(log_backend_rtt.c.obj)
 .text.data_out_block_mode
                0x0000000000009e94       0x84 zephyr/libzephyr.a(log_backend_rtt.c.obj)
 .text.mem_attr_get_regions
                0x0000000000009f18        0xc zephyr/libzephyr.a(mem_attr.c.obj)
                0x0000000000009f18                mem_attr_get_regions
 .text.boot_banner
                0x0000000000009f24       0x1c zephyr/libzephyr.a(banner.c.obj)
                0x0000000000009f24                boot_banner
 .text.compress
                0x0000000000009f40      0x1d4 zephyr/libzephyr.a(sha256.c.obj)
 .text.tc_sha256_init
                0x000000000000a114       0x58 zephyr/libzephyr.a(sha256.c.obj)
                0x000000000000a114                tc_sha256_init
 .text.z_arm_fatal_error
                0x000000000000a16c       0xb8 zephyr/arch/arch/arm/core/libarch__arm__core.a(fatal.c.obj)
                0x000000000000a16c                z_arm_fatal_error
 .text.z_SysNmiOnReset
                0x000000000000a224        0x8 zephyr/arch/arch/arm/core/libarch__arm__core.a(nmi_on_reset.S.obj)
                0x000000000000a224                z_SysNmiOnReset
 .text.arch_tls_stack_setup
                0x000000000000a22c       0x40 zephyr/arch/arch/arm/core/libarch__arm__core.a(tls.c.obj)
                0x000000000000a22c                arch_tls_stack_setup
 .text._HandlerModeExit
                0x000000000000a26c       0x28 zephyr/arch/arch/arm/core/cortex_m/libarch__arm__core__cortex_m.a(exc_exit.c.obj)
                0x000000000000a26c                z_arm_int_exit
                0x000000000000a26c                z_arm_exc_exit
 .text.mem_manage_fault.constprop.0
                0x000000000000a294       0xd0 zephyr/arch/arch/arm/core/cortex_m/libarch__arm__core__cortex_m.a(fault.c.obj)
 .text.usage_fault.constprop.0
                0x000000000000a364       0xbc zephyr/arch/arch/arm/core/cortex_m/libarch__arm__core__cortex_m.a(fault.c.obj)
 .text.bus_fault.constprop.0
                0x000000000000a420       0xd0 zephyr/arch/arch/arm/core/cortex_m/libarch__arm__core__cortex_m.a(fault.c.obj)
 .text.z_arm_fault
                0x000000000000a4f0      0x1e0 zephyr/arch/arch/arm/core/cortex_m/libarch__arm__core__cortex_m.a(fault.c.obj)
                0x000000000000a4f0                z_arm_fault
 .text.z_arm_fault_init
                0x000000000000a6d0       0x20 zephyr/arch/arch/arm/core/cortex_m/libarch__arm__core__cortex_m.a(fault.c.obj)
                0x000000000000a6d0                z_arm_fault_init
 .text.__fault  0x000000000000a6f0       0x14 zephyr/arch/arch/arm/core/cortex_m/libarch__arm__core__cortex_m.a(fault_s.S.obj)
                0x000000000000a6f0                z_arm_usage_fault
                0x000000000000a6f0                z_arm_mpu_fault
                0x000000000000a6f0                z_arm_exc_spurious
                0x000000000000a6f0                z_arm_debug_monitor
                0x000000000000a6f0                z_arm_hard_fault
                0x000000000000a6f0                z_arm_bus_fault
 .text._reset_section
                0x000000000000a704       0x60 zephyr/arch/arch/arm/core/cortex_m/libarch__arm__core__cortex_m.a(reset.S.obj)
                0x000000000000a704                __start
                0x000000000000a704                z_arm_reset
 .text.z_arm_clear_arm_mpu_config
                0x000000000000a764       0x24 zephyr/arch/arch/arm/core/cortex_m/libarch__arm__core__cortex_m.a(scb.c.obj)
                0x000000000000a764                z_arm_clear_arm_mpu_config
 .text.z_arm_init_arch_hw_at_boot
                0x000000000000a788       0x4c zephyr/arch/arch/arm/core/cortex_m/libarch__arm__core__cortex_m.a(scb.c.obj)
                0x000000000000a788                z_arm_init_arch_hw_at_boot
 .text.z_impl_k_thread_abort
                0x000000000000a7d4       0x2c zephyr/arch/arch/arm/core/cortex_m/libarch__arm__core__cortex_m.a(thread_abort.c.obj)
                0x000000000000a7d4                z_impl_k_thread_abort
 .text.arch_swap
                0x000000000000a800       0x30 zephyr/arch/arch/arm/core/cortex_m/libarch__arm__core__cortex_m.a(swap.c.obj)
                0x000000000000a800                arch_swap
 .text.z_arm_pendsv_c
                0x000000000000a830       0x50 zephyr/arch/arch/arm/core/cortex_m/libarch__arm__core__cortex_m.a(swap.c.obj)
                0x000000000000a830                z_arm_pendsv_c
 .text.z_arm_pendsv
                0x000000000000a880       0x48 zephyr/arch/arch/arm/core/cortex_m/libarch__arm__core__cortex_m.a(swap_helper.S.obj)
                0x000000000000a880                z_arm_pendsv
 .text.z_arm_svc
                0x000000000000a8c8       0x20 zephyr/arch/arch/arm/core/cortex_m/libarch__arm__core__cortex_m.a(swap_helper.S.obj)
                0x000000000000a8c8                z_arm_svc
 .text.arch_irq_enable
                0x000000000000a8e8       0x1c zephyr/arch/arch/arm/core/cortex_m/libarch__arm__core__cortex_m.a(irq_manage.c.obj)
                0x000000000000a8e8                arch_irq_enable
 .text.arch_irq_disable
                0x000000000000a904       0x28 zephyr/arch/arch/arm/core/cortex_m/libarch__arm__core__cortex_m.a(irq_manage.c.obj)
                0x000000000000a904                arch_irq_disable
 .text.arch_irq_is_enabled
                0x000000000000a92c       0x1c zephyr/arch/arch/arm/core/cortex_m/libarch__arm__core__cortex_m.a(irq_manage.c.obj)
                0x000000000000a92c                arch_irq_is_enabled
 .text.z_arm_irq_priority_set
                0x000000000000a948       0x2c zephyr/arch/arch/arm/core/cortex_m/libarch__arm__core__cortex_m.a(irq_manage.c.obj)
                0x000000000000a948                z_arm_irq_priority_set
 .text.z_prep_c
                0x000000000000a974       0x38 zephyr/arch/arch/arm/core/cortex_m/libarch__arm__core__cortex_m.a(prep_c.c.obj)
                0x000000000000a974                z_prep_c
 .text.arch_new_thread
                0x000000000000a9ac       0x40 zephyr/arch/arch/arm/core/cortex_m/libarch__arm__core__cortex_m.a(thread.c.obj)
                0x000000000000a9ac                arch_new_thread
 .text.arch_switch_to_main_thread
                0x000000000000a9ec       0x48 zephyr/arch/arch/arm/core/cortex_m/libarch__arm__core__cortex_m.a(thread.c.obj)
                0x000000000000a9ec                arch_switch_to_main_thread
 .text.z_arm_cpu_idle_init
                0x000000000000aa34        0xc zephyr/arch/arch/arm/core/cortex_m/libarch__arm__core__cortex_m.a(cpu_idle.c.obj)
                0x000000000000aa34                z_arm_cpu_idle_init
 .text.z_arm_interrupt_init
                0x000000000000aa40       0x18 zephyr/arch/arch/arm/core/cortex_m/libarch__arm__core__cortex_m.a(irq_init.c.obj)
                0x000000000000aa40                z_arm_interrupt_init
 .text._isr_wrapper
                0x000000000000aa58       0x24 zephyr/arch/arch/arm/core/cortex_m/libarch__arm__core__cortex_m.a(isr_wrapper.c.obj)
                0x000000000000aa58                _isr_wrapper
 .text.z_arm_configure_static_mpu_regions
                0x000000000000aa7c       0x38 zephyr/arch/arch/arm/core/mpu/libarch__arm__core__mpu.a(arm_core_mpu.c.obj)
                0x000000000000aa7c                z_arm_configure_static_mpu_regions
 .text.region_init
                0x000000000000aab4       0x34 zephyr/arch/arch/arm/core/mpu/libarch__arm__core__mpu.a(arm_mpu.c.obj)
 .text.region_allocate_and_init
                0x000000000000aae8       0x38 zephyr/arch/arch/arm/core/mpu/libarch__arm__core__mpu.a(arm_mpu.c.obj)
 .text.mpu_configure_regions_and_partition.constprop.0
                0x000000000000ab20      0x164 zephyr/arch/arch/arm/core/mpu/libarch__arm__core__mpu.a(arm_mpu.c.obj)
 .text.arm_core_mpu_enable
                0x000000000000ac84       0x18 zephyr/arch/arch/arm/core/mpu/libarch__arm__core__mpu.a(arm_mpu.c.obj)
                0x000000000000ac84                arm_core_mpu_enable
 .text.arm_core_mpu_disable
                0x000000000000ac9c       0x14 zephyr/arch/arch/arm/core/mpu/libarch__arm__core__mpu.a(arm_mpu.c.obj)
                0x000000000000ac9c                arm_core_mpu_disable
 .text.arm_core_mpu_configure_static_mpu_regions
                0x000000000000acb0       0x14 zephyr/arch/arch/arm/core/mpu/libarch__arm__core__mpu.a(arm_mpu.c.obj)
                0x000000000000acb0                arm_core_mpu_configure_static_mpu_regions
 .text.arm_core_mpu_mark_areas_for_dynamic_regions
                0x000000000000acc4       0xb8 zephyr/arch/arch/arm/core/mpu/libarch__arm__core__mpu.a(arm_mpu.c.obj)
                0x000000000000acc4                arm_core_mpu_mark_areas_for_dynamic_regions
 .text.z_arm_mpu_init
                0x000000000000ad7c      0x11c zephyr/arch/arch/arm/core/mpu/libarch__arm__core__mpu.a(arm_mpu.c.obj)
                0x000000000000ad7c                z_arm_mpu_init
 .text.z_impl_zephyr_fputc
                0x000000000000ae98       0x10 zephyr/lib/libc/picolibc/liblib__libc__picolibc.a(libc-hooks.c.obj)
                0x000000000000ae98                z_impl_zephyr_fputc
 .text.__stdout_hook_install
                0x000000000000aea8       0x18 zephyr/lib/libc/picolibc/liblib__libc__picolibc.a(libc-hooks.c.obj)
                0x000000000000aea8                __stdout_hook_install
 .text.cbvprintf
                0x000000000000aec0       0x38 zephyr/lib/libc/picolibc/liblib__libc__picolibc.a(libc-hooks.c.obj)
                0x000000000000aec0                cbvprintf
 .text.malloc_prepare
                0x000000000000aef8       0x24 zephyr/lib/libc/common/liblib__libc__common.a(malloc.c.obj)
 .text.net_buf_destroy
                0x000000000000af1c       0x38 zephyr/lib/net_buf/liblib__net_buf.a(buf.c.obj)
 .text.net_buf_pool_get
                0x000000000000af54       0x10 zephyr/lib/net_buf/liblib__net_buf.a(buf.c.obj)
                0x000000000000af54                net_buf_pool_get
 .text.net_buf_id
                0x000000000000af64       0x20 zephyr/lib/net_buf/liblib__net_buf.a(buf.c.obj)
                0x000000000000af64                net_buf_id
 .text.fixed_data_alloc
                0x000000000000af84       0x24 zephyr/lib/net_buf/liblib__net_buf.a(buf.c.obj)
 .text.net_buf_alloc_len
                0x000000000000afa8      0x124 zephyr/lib/net_buf/liblib__net_buf.a(buf.c.obj)
                0x000000000000afa8                net_buf_alloc_len
 .text.net_buf_unref
                0x000000000000b0cc       0x38 zephyr/lib/net_buf/liblib__net_buf.a(buf.c.obj)
                0x000000000000b0cc                net_buf_unref
 .text.rtc_pretick_init
                0x000000000000b104       0x60 zephyr/soc/soc/nrf5340/libsoc__nordic.a(soc.c.obj)
 .text.z_arm_on_enter_cpu_idle
                0x000000000000b164       0x68 zephyr/soc/soc/nrf5340/libsoc__nordic.a(soc.c.obj)
                0x000000000000b164                z_arm_on_enter_cpu_idle
 .text.arch_busy_wait
                0x000000000000b1cc       0x24 zephyr/soc/soc/nrf5340/libsoc__nordic.a(soc.c.obj)
                0x000000000000b1cc                arch_busy_wait
 .text.onoff_stop
                0x000000000000b1f0       0x14 zephyr/soc/soc/nrf5340/libsoc__nordic.a(nrf53_cpunet_mgmt.c.obj)
 .text.nrf53_cpunet_mgmt_init
                0x000000000000b204       0x10 zephyr/soc/soc/nrf5340/libsoc__nordic.a(nrf53_cpunet_mgmt.c.obj)
 .text.onoff_start
                0x000000000000b214       0x70 zephyr/soc/soc/nrf5340/libsoc__nordic.a(nrf53_cpunet_mgmt.c.obj)
 .text.nrf53_cpunet_enable.part.0
                0x000000000000b284       0x28 zephyr/soc/soc/nrf5340/libsoc__nordic.a(nrf53_cpunet_mgmt.c.obj)
 .text.nrf53_cpunet_enable
                0x000000000000b2ac       0x10 zephyr/soc/soc/nrf5340/libsoc__nordic.a(nrf53_cpunet_mgmt.c.obj)
                0x000000000000b2ac                nrf53_cpunet_enable
 .text.rtc_cb   0x000000000000b2bc       0x50 zephyr/soc/soc/nrf5340/libsoc__nordic.a(sync_rtc.c.obj)
 .text.sync_rtc_setup
                0x000000000000b30c       0xd0 zephyr/soc/soc/nrf5340/libsoc__nordic.a(sync_rtc.c.obj)
 .text.mbox_callback
                0x000000000000b3dc       0x80 zephyr/soc/soc/nrf5340/libsoc__nordic.a(sync_rtc.c.obj)
 .text.bt_hex   0x000000000000b45c       0x44 zephyr/subsys/bluetooth/common/libsubsys__bluetooth__common.a(bt_str.c.obj)
                0x000000000000b45c                bt_hex
 .text.bt_addr_le_str
                0x000000000000b4a0       0x7c zephyr/subsys/bluetooth/common/libsubsys__bluetooth__common.a(bt_str.c.obj)
                0x000000000000b4a0                bt_addr_le_str
 .text.bt_buf_get_rx
                0x000000000000b51c       0x20 zephyr/subsys/bluetooth/host/libsubsys__bluetooth__host.a(buf.c.obj)
                0x000000000000b51c                bt_buf_get_rx
 .text.bt_buf_get_evt
                0x000000000000b53c       0x3c zephyr/subsys/bluetooth/host/libsubsys__bluetooth__host.a(buf.c.obj)
                0x000000000000b53c                bt_buf_get_evt
 .text.hci_hardware_error
                0x000000000000b578       0x24 zephyr/subsys/bluetooth/host/libsubsys__bluetooth__host.a(hci_core.c.obj)
 .text.rx_work_handler.part.0
                0x000000000000b59c       0x30 zephyr/subsys/bluetooth/host/libsubsys__bluetooth__host.a(hci_core.c.obj)
 .text.handle_event.part.0
                0x000000000000b5cc       0x48 zephyr/subsys/bluetooth/host/libsubsys__bluetooth__host.a(hci_core.c.obj)
 .text.handle_event_common
                0x000000000000b614       0x50 zephyr/subsys/bluetooth/host/libsubsys__bluetooth__host.a(hci_core.c.obj)
 .text.rx_work_handler
                0x000000000000b664       0xa4 zephyr/subsys/bluetooth/host/libsubsys__bluetooth__host.a(hci_core.c.obj)
 .text.hci_le_meta_event
                0x000000000000b708       0x20 zephyr/subsys/bluetooth/host/libsubsys__bluetooth__host.a(hci_core.c.obj)
 .text.hci_vendor_event
                0x000000000000b728       0x68 zephyr/subsys/bluetooth/host/libsubsys__bluetooth__host.a(hci_core.c.obj)
 .text.hci_cmd_done.part.0
                0x000000000000b790      0x134 zephyr/subsys/bluetooth/host/libsubsys__bluetooth__host.a(hci_core.c.obj)
 .text.bt_hci_cmd_state_set_init
                0x000000000000b8c4       0x24 zephyr/subsys/bluetooth/host/libsubsys__bluetooth__host.a(hci_core.c.obj)
                0x000000000000b8c4                bt_hci_cmd_state_set_init
 .text.bt_hci_cmd_create
                0x000000000000b8e8       0x78 zephyr/subsys/bluetooth/host/libsubsys__bluetooth__host.a(hci_core.c.obj)
                0x000000000000b8e8                bt_hci_cmd_create
 .text.bt_hci_get_ver_str
                0x000000000000b960       0x3c zephyr/subsys/bluetooth/host/libsubsys__bluetooth__host.a(hci_core.c.obj)
                0x000000000000b960                bt_hci_get_ver_str
 .text.bt_send  0x000000000000b99c       0x14 zephyr/subsys/bluetooth/host/libsubsys__bluetooth__host.a(hci_core.c.obj)
                0x000000000000b99c                bt_send
 .text.hci_event_prio
                0x000000000000b9b0       0xac zephyr/subsys/bluetooth/host/libsubsys__bluetooth__host.a(hci_core.c.obj)
                0x000000000000b9b0                hci_event_prio
 .text.bt_hci_recv
                0x000000000000ba5c       0x80 zephyr/subsys/bluetooth/host/libsubsys__bluetooth__host.a(hci_core.c.obj)
                0x000000000000ba5c                bt_hci_recv
 .text.bt_finalize_init
                0x000000000000badc      0x134 zephyr/subsys/bluetooth/host/libsubsys__bluetooth__host.a(hci_core.c.obj)
                0x000000000000badc                bt_finalize_init
 .text.bt_get_name
                0x000000000000bc10        0x8 zephyr/subsys/bluetooth/host/libsubsys__bluetooth__host.a(hci_core.c.obj)
                0x000000000000bc10                bt_get_name
 .text.bt_tx_irq_raise
                0x000000000000bc18        0xc zephyr/subsys/bluetooth/host/libsubsys__bluetooth__host.a(hci_core.c.obj)
                0x000000000000bc18                bt_tx_irq_raise
 .text.process_pending_cmd
                0x000000000000bc24       0xd8 zephyr/subsys/bluetooth/host/libsubsys__bluetooth__host.a(hci_core.c.obj)
 .text.bt_hci_cmd_send_sync
                0x000000000000bcfc      0x1b0 zephyr/subsys/bluetooth/host/libsubsys__bluetooth__host.a(hci_core.c.obj)
                0x000000000000bcfc                bt_hci_cmd_send_sync
 .text.hci_init
                0x000000000000beac      0x394 zephyr/subsys/bluetooth/host/libsubsys__bluetooth__host.a(hci_core.c.obj)
 .text.bt_enable
                0x000000000000c240       0xd8 zephyr/subsys/bluetooth/host/libsubsys__bluetooth__host.a(hci_core.c.obj)
                0x000000000000c240                bt_enable
 .text.init_work
                0x000000000000c318       0x24 zephyr/subsys/bluetooth/host/libsubsys__bluetooth__host.a(hci_core.c.obj)
 .text.bt_hci_le_rand
                0x000000000000c33c       0x58 zephyr/subsys/bluetooth/host/libsubsys__bluetooth__host.a(hci_core.c.obj)
                0x000000000000c33c                bt_hci_le_rand
 .text.hci_cmd_status
                0x000000000000c394       0x34 zephyr/subsys/bluetooth/host/libsubsys__bluetooth__host.a(hci_core.c.obj)
 .text.hci_cmd_complete
                0x000000000000c3c8       0x78 zephyr/subsys/bluetooth/host/libsubsys__bluetooth__host.a(hci_core.c.obj)
 .text.id_find  0x000000000000c440       0x30 zephyr/subsys/bluetooth/host/libsubsys__bluetooth__host.a(id.c.obj)
 .text.set_random_address
                0x000000000000c470       0x74 zephyr/subsys/bluetooth/host/libsubsys__bluetooth__host.a(id.c.obj)
 .text.id_create.constprop.0
                0x000000000000c4e4       0x74 zephyr/subsys/bluetooth/host/libsubsys__bluetooth__host.a(id.c.obj)
 .text.bt_id_create
                0x000000000000c558       0x98 zephyr/subsys/bluetooth/host/libsubsys__bluetooth__host.a(id.c.obj)
                0x000000000000c558                bt_id_create
 .text.bt_id_read_public_addr
                0x000000000000c5f0       0x88 zephyr/subsys/bluetooth/host/libsubsys__bluetooth__host.a(id.c.obj)
                0x000000000000c5f0                bt_id_read_public_addr
 .text.bt_setup_public_id_addr
                0x000000000000c678       0x20 zephyr/subsys/bluetooth/host/libsubsys__bluetooth__host.a(id.c.obj)
                0x000000000000c678                bt_setup_public_id_addr
 .text.bt_setup_random_id_addr
                0x000000000000c698       0xd8 zephyr/subsys/bluetooth/host/libsubsys__bluetooth__host.a(id.c.obj)
                0x000000000000c698                bt_setup_random_id_addr
 .text.bt_id_set_adv_own_addr
                0x000000000000c770       0xd4 zephyr/subsys/bluetooth/host/libsubsys__bluetooth__host.a(id.c.obj)
                0x000000000000c770                bt_id_set_adv_own_addr
 .text.bt_id_init
                0x000000000000c844       0x54 zephyr/subsys/bluetooth/host/libsubsys__bluetooth__host.a(id.c.obj)
                0x000000000000c844                bt_id_init
 .text.hci_set_ad
                0x000000000000c898       0xd0 zephyr/subsys/bluetooth/host/libsubsys__bluetooth__host.a(adv.c.obj)
 .text.valid_adv_param
                0x000000000000c968       0x84 zephyr/subsys/bluetooth/host/libsubsys__bluetooth__host.a(adv.c.obj)
 .text.bt_le_adv_start_legacy
                0x000000000000c9ec      0x228 zephyr/subsys/bluetooth/host/libsubsys__bluetooth__host.a(adv.c.obj)
                0x000000000000c9ec                bt_le_adv_start_legacy
 .text.bt_le_adv_start
                0x000000000000cc14       0x64 zephyr/subsys/bluetooth/host/libsubsys__bluetooth__host.a(adv.c.obj)
                0x000000000000cc14                bt_le_adv_start
 .text.bt_le_adv_stop
                0x000000000000cc78       0x38 zephyr/subsys/bluetooth/host/libsubsys__bluetooth__host.a(adv.c.obj)
                0x000000000000cc78                bt_le_adv_stop
 .text.adv_timeout
                0x000000000000ccb0       0x24 zephyr/subsys/bluetooth/host/libsubsys__bluetooth__host.a(adv.c.obj)
 .text.prng_reseed.constprop.0
                0x000000000000ccd4       0x60 zephyr/subsys/bluetooth/host/libsubsys__bluetooth__host.a(crypto_tc.c.obj)
 .text.prng_init
                0x000000000000cd34       0x40 zephyr/subsys/bluetooth/host/libsubsys__bluetooth__host.a(crypto_tc.c.obj)
                0x000000000000cd34                prng_init
 .text.bt_rand  0x000000000000cd74       0x3c zephyr/subsys/bluetooth/host/libsubsys__bluetooth__host.a(crypto_tc.c.obj)
                0x000000000000cd74                bt_rand
 .text.bt_ipc_send
                0x000000000000cdb0       0x54 zephyr/drivers/bluetooth/libdrivers__bluetooth.a(ipc.c.obj)
 .text.hci_ept_recv
                0x000000000000ce04      0x1f0 zephyr/drivers/bluetooth/libdrivers__bluetooth.a(ipc.c.obj)
 .text.bt_ipc_open
                0x000000000000cff4       0x7c zephyr/drivers/bluetooth/libdrivers__bluetooth.a(ipc.c.obj)
 .text.bt_ipc_close
                0x000000000000d070       0x68 zephyr/drivers/bluetooth/libdrivers__bluetooth.a(ipc.c.obj)
 .text.onoff_stop
                0x000000000000d0d8       0x30 zephyr/drivers/clock_control/libdrivers__clock_control.a(clock_control_nrf.c.obj)
 .text.onoff_start
                0x000000000000d108       0x44 zephyr/drivers/clock_control/libdrivers__clock_control.a(clock_control_nrf.c.obj)
 .text.clk_init
                0x000000000000d14c       0x64 zephyr/drivers/clock_control/libdrivers__clock_control.a(clock_control_nrf.c.obj)
 .text.api_blocking_start
                0x000000000000d1b0       0x3c zephyr/drivers/clock_control/libdrivers__clock_control.a(clock_control_nrf.c.obj)
 .text.generic_hfclk_stop
                0x000000000000d1ec       0x34 zephyr/drivers/clock_control/libdrivers__clock_control.a(clock_control_nrf.c.obj)
 .text.clkstarted_handle.constprop.0
                0x000000000000d220       0x4c zephyr/drivers/clock_control/libdrivers__clock_control.a(clock_control_nrf.c.obj)
 .text.generic_hfclk_start
                0x000000000000d26c       0x7c zephyr/drivers/clock_control/libdrivers__clock_control.a(clock_control_nrf.c.obj)
 .text.clock_event_handler
                0x000000000000d2e8       0x30 zephyr/drivers/clock_control/libdrivers__clock_control.a(clock_control_nrf.c.obj)
 .text.z_nrf_clock_control_lf_on
                0x000000000000d318       0x98 zephyr/drivers/clock_control/libdrivers__clock_control.a(clock_control_nrf.c.obj)
                0x000000000000d318                z_nrf_clock_control_lf_on
 .text.rtt_console_init
                0x000000000000d3b0       0x18 zephyr/drivers/console/libdrivers__console.a(rtt_console.c.obj)
 .text.rtt_console_out
                0x000000000000d3c8       0x48 zephyr/drivers/console/libdrivers__console.a(rtt_console.c.obj)
 .text.gpio_nrfx_pin_interrupt_configure
                0x000000000000d410      0x100 zephyr/drivers/gpio/libdrivers__gpio.a(gpio_nrfx.c.obj)
 .text.gpio_nrfx_init
                0x000000000000d510       0x48 zephyr/drivers/gpio/libdrivers__gpio.a(gpio_nrfx.c.obj)
 .text.nrfx_gpio_handler
                0x000000000000d558       0x3c zephyr/drivers/gpio/libdrivers__gpio.a(gpio_nrfx.c.obj)
 .text.gpio_nrfx_pin_configure
                0x000000000000d594      0x188 zephyr/drivers/gpio/libdrivers__gpio.a(gpio_nrfx.c.obj)
 .text.mbox_nrf_init
                0x000000000000d71c       0x9c zephyr/drivers/mbox/libdrivers__mbox.a(mbox_nrfx_ipc.c.obj)
 .text.mbox_nrf_set_enabled
                0x000000000000d7b8       0x94 zephyr/drivers/mbox/libdrivers__mbox.a(mbox_nrfx_ipc.c.obj)
 .text.mbox_nrf_send
                0x000000000000d84c       0x44 zephyr/drivers/mbox/libdrivers__mbox.a(mbox_nrfx_ipc.c.obj)
 .text.mbox_dispatcher
                0x000000000000d890       0x60 zephyr/drivers/mbox/libdrivers__mbox.a(mbox_nrfx_ipc.c.obj)
 .text.compare_int_lock
                0x000000000000d8f0       0x40 zephyr/drivers/timer/libdrivers__timer.a(nrf_rtc_timer.c.obj)
 .text.sys_clock_timeout_handler
                0x000000000000d930       0x48 zephyr/drivers/timer/libdrivers__timer.a(nrf_rtc_timer.c.obj)
 .text.compare_int_unlock
                0x000000000000d978       0x4c zephyr/drivers/timer/libdrivers__timer.a(nrf_rtc_timer.c.obj)
 .text.z_nrf_rtc_timer_compare_evt_address_get
                0x000000000000d9c4       0x10 zephyr/drivers/timer/libdrivers__timer.a(nrf_rtc_timer.c.obj)
                0x000000000000d9c4                z_nrf_rtc_timer_compare_evt_address_get
 .text.z_nrf_rtc_timer_compare_read
                0x000000000000d9d4       0x10 zephyr/drivers/timer/libdrivers__timer.a(nrf_rtc_timer.c.obj)
                0x000000000000d9d4                z_nrf_rtc_timer_compare_read
 .text.z_nrf_rtc_timer_read
                0x000000000000d9e4       0x44 zephyr/drivers/timer/libdrivers__timer.a(nrf_rtc_timer.c.obj)
                0x000000000000d9e4                z_nrf_rtc_timer_read
 .text.compare_set
                0x000000000000da28      0x124 zephyr/drivers/timer/libdrivers__timer.a(nrf_rtc_timer.c.obj)
 .text.sys_clock_driver_init
                0x000000000000db4c       0xa4 zephyr/drivers/timer/libdrivers__timer.a(nrf_rtc_timer.c.obj)
 .text.rtc_nrf_isr
                0x000000000000dbf0      0x100 zephyr/drivers/timer/libdrivers__timer.a(nrf_rtc_timer.c.obj)
                0x000000000000dbf0                rtc_nrf_isr
 .text.z_nrf_rtc_timer_chan_alloc
                0x000000000000dcf0       0x3c zephyr/drivers/timer/libdrivers__timer.a(nrf_rtc_timer.c.obj)
                0x000000000000dcf0                z_nrf_rtc_timer_chan_alloc
 .text.z_nrf_rtc_timer_chan_free
                0x000000000000dd2c       0x1c zephyr/drivers/timer/libdrivers__timer.a(nrf_rtc_timer.c.obj)
                0x000000000000dd2c                z_nrf_rtc_timer_chan_free
 .text.sys_clock_set_timeout
                0x000000000000dd48       0x5c zephyr/drivers/timer/libdrivers__timer.a(nrf_rtc_timer.c.obj)
                0x000000000000dd48                sys_clock_set_timeout
 .text.sys_clock_elapsed
                0x000000000000dda4       0x14 zephyr/drivers/timer/libdrivers__timer.a(nrf_rtc_timer.c.obj)
                0x000000000000dda4                sys_clock_elapsed
 .text.dk_set_leds_state.part.0
                0x000000000000ddb8       0x58 modules/nrf/lib/dk_buttons_and_leds/lib..__nrf__lib__dk_buttons_and_leds.a(dk_buttons_and_leds.c.obj)
 .text.dk_set_led.part.0
                0x000000000000de10       0x1c modules/nrf/lib/dk_buttons_and_leds/lib..__nrf__lib__dk_buttons_and_leds.a(dk_buttons_and_leds.c.obj)
 .text.dk_leds_init
                0x000000000000de2c       0x68 modules/nrf/lib/dk_buttons_and_leds/lib..__nrf__lib__dk_buttons_and_leds.a(dk_buttons_and_leds.c.obj)
                0x000000000000de2c                dk_leds_init
 .text.dk_set_led
                0x000000000000de94       0x40 modules/nrf/lib/dk_buttons_and_leds/lib..__nrf__lib__dk_buttons_and_leds.a(dk_buttons_and_leds.c.obj)
                0x000000000000de94                dk_set_led
 .text.ns_fault_init
                0x000000000000ded4       0x30 modules/nrf/modules/trusted-firmware-m/lib..__nrf__modules__trusted-firmware-m.a(fault.c.obj)
 .text.arm_fault
                0x000000000000df04      0x24c modules/nrf/modules/trusted-firmware-m/lib..__nrf__modules__trusted-firmware-m.a(fault.c.obj)
                0x000000000000df04                arm_fault
 .text.tfm_ns_fault_handler_callback
                0x000000000000e150       0x48 modules/nrf/modules/trusted-firmware-m/lib..__nrf__modules__trusted-firmware-m.a(fault.c.obj)
                0x000000000000e150                tfm_ns_fault_handler_callback
 .text.tfm_ns_interface_dispatch
                0x000000000000e198       0x68 modules/trusted-firmware-m/libtfm_api.a(interface.c.obj)
                0x000000000000e198                tfm_ns_interface_dispatch
 .text.tfm_platform_ioctl
                0x000000000000e200       0x4c modules/trusted-firmware-m/libtfm_api.a(tfm_platform_api.c.obj)
                0x000000000000e200                tfm_platform_ioctl
 .text.psa_call
                0x000000000000e24c       0x34 modules/trusted-firmware-m/libtfm_api.a(tfm_tz_psa_ns_api.c.obj)
                0x000000000000e24c                psa_call
 .text.nrfx_flag32_alloc
                0x000000000000e280       0x40 modules/hal_nordic/nrfx/libmodules__hal_nordic__nrfx.a(nrfx_flag32_allocator.c.obj)
                0x000000000000e280                nrfx_flag32_alloc
 .text.nrfx_flag32_free
                0x000000000000e2c0       0x38 modules/hal_nordic/nrfx/libmodules__hal_nordic__nrfx.a(nrfx_flag32_allocator.c.obj)
                0x000000000000e2c0                nrfx_flag32_free
 .text.nrfx_gppi_channels_enable
                0x000000000000e2f8        0xc modules/hal_nordic/nrfx/libmodules__hal_nordic__nrfx.a(nrfx_gppi_dppi.c.obj)
                0x000000000000e2f8                nrfx_gppi_channels_enable
 .text.nrfx_gppi_channels_disable
                0x000000000000e304        0xc modules/hal_nordic/nrfx/libmodules__hal_nordic__nrfx.a(nrfx_gppi_dppi.c.obj)
                0x000000000000e304                nrfx_gppi_channels_disable
 .text.nrfx_gppi_channel_alloc
                0x000000000000e310        0xc modules/hal_nordic/nrfx/libmodules__hal_nordic__nrfx.a(nrfx_gppi_dppi.c.obj)
                0x000000000000e310                nrfx_gppi_channel_alloc
 .text.clock_stop
                0x000000000000e31c      0x158 modules/hal_nordic/nrfx/libmodules__hal_nordic__nrfx.a(nrfx_clock.c.obj)
 .text.nrfx_clock_init
                0x000000000000e474       0x20 modules/hal_nordic/nrfx/libmodules__hal_nordic__nrfx.a(nrfx_clock.c.obj)
                0x000000000000e474                nrfx_clock_init
 .text.nrfx_clock_enable
                0x000000000000e494       0x34 modules/hal_nordic/nrfx/libmodules__hal_nordic__nrfx.a(nrfx_clock.c.obj)
                0x000000000000e494                nrfx_clock_enable
 .text.nrfx_clock_start
                0x000000000000e4c8       0xd0 modules/hal_nordic/nrfx/libmodules__hal_nordic__nrfx.a(nrfx_clock.c.obj)
                0x000000000000e4c8                nrfx_clock_start
 .text.nrfx_power_clock_irq_handler
                0x000000000000e598       0x94 modules/hal_nordic/nrfx/libmodules__hal_nordic__nrfx.a(nrfx_clock.c.obj)
                0x000000000000e598                nrfx_power_clock_irq_handler
 .text.nrfx_dppi_channel_alloc
                0x000000000000e62c       0x10 modules/hal_nordic/nrfx/libmodules__hal_nordic__nrfx.a(nrfx_dppi.c.obj)
                0x000000000000e62c                nrfx_dppi_channel_alloc
 .text.nrfx_dppi_channel_free
                0x000000000000e63c       0x1c modules/hal_nordic/nrfx/libmodules__hal_nordic__nrfx.a(nrfx_dppi.c.obj)
                0x000000000000e63c                nrfx_dppi_channel_free
 .text.nrf_gpio_pin_port_decode
                0x000000000000e658       0x24 modules/hal_nordic/nrfx/libmodules__hal_nordic__nrfx.a(nrfx_gpiote.c.obj)
 .text.get_pin_idx
                0x000000000000e67c       0x14 modules/hal_nordic/nrfx/libmodules__hal_nordic__nrfx.a(nrfx_gpiote.c.obj)
 .text.release_handler
                0x000000000000e690       0x70 modules/hal_nordic/nrfx/libmodules__hal_nordic__nrfx.a(nrfx_gpiote.c.obj)
 .text.latch_pending_read_and_check
                0x000000000000e700       0x3c modules/hal_nordic/nrfx/libmodules__hal_nordic__nrfx.a(nrfx_gpiote.c.obj)
 .text.pin_te_get.isra.0
                0x000000000000e73c       0x20 modules/hal_nordic/nrfx/libmodules__hal_nordic__nrfx.a(nrfx_gpiote.c.obj)
 .text.pin_is_output.isra.0
                0x000000000000e75c       0x24 modules/hal_nordic/nrfx/libmodules__hal_nordic__nrfx.a(nrfx_gpiote.c.obj)
 .text.pin_in_use_by_te.isra.0
                0x000000000000e780       0x24 modules/hal_nordic/nrfx/libmodules__hal_nordic__nrfx.a(nrfx_gpiote.c.obj)
 .text.__nrfy_internal_gpiote_events_process.constprop.0
                0x000000000000e7a4       0x5c modules/hal_nordic/nrfx/libmodules__hal_nordic__nrfx.a(nrfx_gpiote.c.obj)
 .text.irq_handler.constprop.0
                0x000000000000e800      0x1a8 modules/hal_nordic/nrfx/libmodules__hal_nordic__nrfx.a(nrfx_gpiote.c.obj)
 .text.pin_uninit
                0x000000000000e9a8       0xa4 modules/hal_nordic/nrfx/libmodules__hal_nordic__nrfx.a(nrfx_gpiote.c.obj)
 .text.nrfx_gpiote_input_configure
                0x000000000000ea4c      0x1ec modules/hal_nordic/nrfx/libmodules__hal_nordic__nrfx.a(nrfx_gpiote.c.obj)
                0x000000000000ea4c                nrfx_gpiote_input_configure
 .text.nrfx_gpiote_output_configure
                0x000000000000ec38      0x138 modules/hal_nordic/nrfx/libmodules__hal_nordic__nrfx.a(nrfx_gpiote.c.obj)
                0x000000000000ec38                nrfx_gpiote_output_configure
 .text.nrfx_gpiote_global_callback_set
                0x000000000000ed70       0x1c modules/hal_nordic/nrfx/libmodules__hal_nordic__nrfx.a(nrfx_gpiote.c.obj)
                0x000000000000ed70                nrfx_gpiote_global_callback_set
 .text.nrfx_gpiote_channel_get
                0x000000000000ed8c       0x3c modules/hal_nordic/nrfx/libmodules__hal_nordic__nrfx.a(nrfx_gpiote.c.obj)
                0x000000000000ed8c                nrfx_gpiote_channel_get
 .text.nrfx_gpiote_init
                0x000000000000edc8       0x78 modules/hal_nordic/nrfx/libmodules__hal_nordic__nrfx.a(nrfx_gpiote.c.obj)
                0x000000000000edc8                nrfx_gpiote_init
 .text.nrfx_gpiote_init_check
                0x000000000000ee40       0x1c modules/hal_nordic/nrfx/libmodules__hal_nordic__nrfx.a(nrfx_gpiote.c.obj)
                0x000000000000ee40                nrfx_gpiote_init_check
 .text.nrfx_gpiote_channel_free
                0x000000000000ee5c       0x18 modules/hal_nordic/nrfx/libmodules__hal_nordic__nrfx.a(nrfx_gpiote.c.obj)
                0x000000000000ee5c                nrfx_gpiote_channel_free
 .text.nrfx_gpiote_channel_alloc
                0x000000000000ee74       0x18 modules/hal_nordic/nrfx/libmodules__hal_nordic__nrfx.a(nrfx_gpiote.c.obj)
                0x000000000000ee74                nrfx_gpiote_channel_alloc
 .text.nrfx_gpiote_trigger_enable
                0x000000000000ee8c       0xb8 modules/hal_nordic/nrfx/libmodules__hal_nordic__nrfx.a(nrfx_gpiote.c.obj)
                0x000000000000ee8c                nrfx_gpiote_trigger_enable
 .text.nrfx_gpiote_1_irq_handler
                0x000000000000ef44        0xc modules/hal_nordic/nrfx/libmodules__hal_nordic__nrfx.a(nrfx_gpiote.c.obj)
                0x000000000000ef44                nrfx_gpiote_1_irq_handler
 .text.nrfx_ipc_init
                0x000000000000ef50       0x30 modules/hal_nordic/nrfx/libmodules__hal_nordic__nrfx.a(nrfx_ipc.c.obj)
                0x000000000000ef50                nrfx_ipc_init
 .text.nrfx_ipc_config_load
                0x000000000000ef80       0x40 modules/hal_nordic/nrfx/libmodules__hal_nordic__nrfx.a(nrfx_ipc.c.obj)
                0x000000000000ef80                nrfx_ipc_config_load
 .text.nrfx_ipc_receive_event_enable
                0x000000000000efc0       0x10 modules/hal_nordic/nrfx/libmodules__hal_nordic__nrfx.a(nrfx_ipc.c.obj)
                0x000000000000efc0                nrfx_ipc_receive_event_enable
 .text.nrfx_ipc_receive_event_disable
                0x000000000000efd0       0x10 modules/hal_nordic/nrfx/libmodules__hal_nordic__nrfx.a(nrfx_ipc.c.obj)
                0x000000000000efd0                nrfx_ipc_receive_event_disable
 .text.nrfx_ipc_irq_handler
                0x000000000000efe0       0x40 modules/hal_nordic/nrfx/libmodules__hal_nordic__nrfx.a(nrfx_ipc.c.obj)
                0x000000000000efe0                nrfx_ipc_irq_handler
 .text.metal_generic_dev_open
                0x000000000000f020       0x40 modules/libmetal/libmetal/lib/libmetal.a(device.c.obj)
                0x000000000000f020                metal_generic_dev_open
 .text.metal_bus_unregister
                0x000000000000f060       0x3c modules/libmetal/libmetal/lib/libmetal.a(device.c.obj)
                0x000000000000f060                metal_bus_unregister
 .text.metal_bus_find
                0x000000000000f09c       0x3c modules/libmetal/libmetal/lib/libmetal.a(device.c.obj)
                0x000000000000f09c                metal_bus_find
 .text.metal_bus_register
                0x000000000000f0d8       0x5c modules/libmetal/libmetal/lib/libmetal.a(device.c.obj)
                0x000000000000f0d8                metal_bus_register
 .text.metal_register_generic_device
                0x000000000000f134       0x3c modules/libmetal/libmetal/lib/libmetal.a(device.c.obj)
                0x000000000000f134                metal_register_generic_device
 .text.metal_init
                0x000000000000f170       0x4c modules/libmetal/libmetal/lib/libmetal.a(init.c.obj)
                0x000000000000f170                metal_init
 .text.metal_finish
                0x000000000000f1bc       0x24 modules/libmetal/libmetal/lib/libmetal.a(init.c.obj)
                0x000000000000f1bc                metal_finish
 .text.metal_sys_init
                0x000000000000f1e0       0x10 modules/libmetal/libmetal/lib/libmetal.a(init.c.obj)
                0x000000000000f1e0                metal_sys_init
 .text.metal_sys_finish
                0x000000000000f1f0        0xc modules/libmetal/libmetal/lib/libmetal.a(init.c.obj)
                0x000000000000f1f0                metal_sys_finish
 .text.metal_zephyr_log_handler
                0x000000000000f1fc       0x3c modules/libmetal/libmetal/lib/libmetal.a(log.c.obj)
                0x000000000000f1fc                metal_zephyr_log_handler
 .text.virtio_create_virtqueues
                0x000000000000f238       0xbc modules/open-amp/open-amp/lib/libopen_amp.a(virtio.c.obj)
                0x000000000000f238                virtio_create_virtqueues
 .text.virtqueue_free
                0x000000000000f2f4       0x38 modules/open-amp/open-amp/lib/libopen_amp.a(virtqueue.c.obj)
                0x000000000000f2f4                virtqueue_free
 .text.virtqueue_add_consumed_buffer
                0x000000000000f32c       0x38 modules/open-amp/open-amp/lib/libopen_amp.a(virtqueue.c.obj)
                0x000000000000f32c                virtqueue_add_consumed_buffer
 .text.rpmsg_send_offchannel_raw
                0x000000000000f364       0x2c modules/open-amp/open-amp/lib/libopen_amp.a(rpmsg.c.obj)
                0x000000000000f364                rpmsg_send_offchannel_raw
 .text.rpmsg_send_offchannel_nocopy
                0x000000000000f390       0x2c modules/open-amp/open-amp/lib/libopen_amp.a(rpmsg.c.obj)
                0x000000000000f390                rpmsg_send_offchannel_nocopy
 .text.rpmsg_register_endpoint
                0x000000000000f3bc       0x48 modules/open-amp/open-amp/lib/libopen_amp.a(rpmsg.c.obj)
                0x000000000000f3bc                rpmsg_register_endpoint
 .text.rpmsg_create_ept
                0x000000000000f404      0x114 modules/open-amp/open-amp/lib/libopen_amp.a(rpmsg.c.obj)
                0x000000000000f404                rpmsg_create_ept
 .text.rpmsg_virtio_buf_held_dec_test
                0x000000000000f518       0x38 modules/open-amp/open-amp/lib/libopen_amp.a(rpmsg_virtio.c.obj)
 .text.rpmsg_virtio_get_tx_buffer_size
                0x000000000000f550       0x4c modules/open-amp/open-amp/lib/libopen_amp.a(rpmsg_virtio.c.obj)
                0x000000000000f550                rpmsg_virtio_get_tx_buffer_size
 .text.rpmsg_virtio_get_rx_buffer_size
                0x000000000000f59c       0x4c modules/open-amp/open-amp/lib/libopen_amp.a(rpmsg_virtio.c.obj)
                0x000000000000f59c                rpmsg_virtio_get_rx_buffer_size
 .text.rpmsg_virtio_send_offchannel_raw
                0x000000000000f5e8       0x5c modules/open-amp/open-amp/lib/libopen_amp.a(rpmsg_virtio.c.obj)
 .text.rpmsg_init_vdev_with_config
                0x000000000000f644      0x2ac modules/open-amp/open-amp/lib/libopen_amp.a(rpmsg_virtio.c.obj)
                0x000000000000f644                rpmsg_init_vdev_with_config
 .text.rpmsg_init_vdev
                0x000000000000f8f0       0x2c modules/open-amp/open-amp/lib/libopen_amp.a(rpmsg_virtio.c.obj)
                0x000000000000f8f0                rpmsg_init_vdev
 .text._DoInit  0x000000000000f91c       0x60 modules/segger/libmodules__segger.a(SEGGER_RTT.c.obj)
 .text.SEGGER_RTT_WriteSkipNoLock
                0x000000000000f97c       0x88 modules/segger/libmodules__segger.a(SEGGER_RTT.c.obj)
                0x000000000000f97c                SEGGER_RTT_WriteSkipNoLock
 .text.SEGGER_RTT_WriteNoLock
                0x000000000000fa04       0x58 modules/segger/libmodules__segger.a(SEGGER_RTT.c.obj)
                0x000000000000fa04                SEGGER_RTT_WriteNoLock
 .text.SEGGER_RTT_Write
                0x000000000000fa5c       0x30 modules/segger/libmodules__segger.a(SEGGER_RTT.c.obj)
                0x000000000000fa5c                SEGGER_RTT_Write
 .text.SEGGER_RTT_HasDataUp
                0x000000000000fa8c       0x14 modules/segger/libmodules__segger.a(SEGGER_RTT.c.obj)
                0x000000000000fa8c                SEGGER_RTT_HasDataUp
 .text.zephyr_rtt_mutex_lock
                0x000000000000faa0       0x14 modules/segger/libmodules__segger.a(SEGGER_RTT_zephyr.c.obj)
                0x000000000000faa0                zephyr_rtt_mutex_lock
 .text.zephyr_rtt_mutex_unlock
                0x000000000000fab4        0xc modules/segger/libmodules__segger.a(SEGGER_RTT_zephyr.c.obj)
                0x000000000000fab4                zephyr_rtt_mutex_unlock
 .text.k_sys_fatal_error_handler
                0x000000000000fac0       0x20 zephyr/kernel/libkernel.a(fatal.c.obj)
                0x000000000000fac0                k_sys_fatal_error_handler
 .text.z_fatal_error
                0x000000000000fae0       0xe8 zephyr/kernel/libkernel.a(fatal.c.obj)
                0x000000000000fae0                z_fatal_error
 .text.z_sys_init_run_level
                0x000000000000fbc8       0x2c zephyr/kernel/libkernel.a(init.c.obj)
 .text.bg_thread_main
                0x000000000000fbf4       0xc4 zephyr/kernel/libkernel.a(init.c.obj)
 .text.z_bss_zero
                0x000000000000fcb8       0x18 zephyr/kernel/libkernel.a(init.c.obj)
                0x000000000000fcb8                z_bss_zero
 .text.z_init_cpu
                0x000000000000fcd0       0x68 zephyr/kernel/libkernel.a(init.c.obj)
                0x000000000000fcd0                z_init_cpu
 .text.z_cstart
                0x000000000000fd38       0xe4 zephyr/kernel/libkernel.a(init.c.obj)
                0x000000000000fd38                z_cstart
 .text.statics_init
                0x000000000000fe1c       0x24 zephyr/kernel/libkernel.a(kheap.c.obj)
 .text.z_impl_k_mutex_lock
                0x000000000000fe40       0xf0 zephyr/kernel/libkernel.a(mutex.c.obj)
                0x000000000000fe40                z_impl_k_mutex_lock
 .text.z_impl_k_mutex_unlock
                0x000000000000ff30       0x78 zephyr/kernel/libkernel.a(mutex.c.obj)
                0x000000000000ff30                z_impl_k_mutex_unlock
 .text.z_impl_k_queue_get
                0x000000000000ffa8       0x64 zephyr/kernel/libkernel.a(queue.c.obj)
                0x000000000000ffa8                z_impl_k_queue_get
 .text.z_impl_k_sem_give
                0x000000000001000c       0x48 zephyr/kernel/libkernel.a(sem.c.obj)
                0x000000000001000c                z_impl_k_sem_give
 .text.z_impl_k_sem_take
                0x0000000000010054       0x4c zephyr/kernel/libkernel.a(sem.c.obj)
                0x0000000000010054                z_impl_k_sem_take
 .text.k_sys_work_q_init
                0x00000000000100a0       0x34 zephyr/kernel/libkernel.a(system_work_q.c.obj)
 .text.work_queue_main
                0x00000000000100d4      0x144 zephyr/kernel/libkernel.a(work.c.obj)
 .text.submit_to_queue_locked
                0x0000000000010218       0xb4 zephyr/kernel/libkernel.a(work.c.obj)
 .text.work_flush_locked
                0x00000000000102cc       0x8c zephyr/kernel/libkernel.a(work.c.obj)
 .text.k_work_submit
                0x0000000000010358        0xc zephyr/kernel/libkernel.a(work.c.obj)
                0x0000000000010358                k_work_submit
 .text.k_work_queue_start
                0x0000000000010364       0x7c zephyr/kernel/libkernel.a(work.c.obj)
                0x0000000000010364                k_work_queue_start
 .text.k_work_queue_drain
                0x00000000000103e0       0x78 zephyr/kernel/libkernel.a(work.c.obj)
                0x00000000000103e0                k_work_queue_drain
 .text.k_work_reschedule_for_queue
                0x0000000000010458       0x5c zephyr/kernel/libkernel.a(work.c.obj)
                0x0000000000010458                k_work_reschedule_for_queue
 .text.k_work_reschedule
                0x00000000000104b4        0xc zephyr/kernel/libkernel.a(work.c.obj)
                0x00000000000104b4                k_work_reschedule
 .text.z_setup_new_thread
                0x00000000000104c0       0x7c zephyr/kernel/libkernel.a(thread.c.obj)
                0x00000000000104c0                z_setup_new_thread
 .text.z_impl_k_thread_create
                0x000000000001053c       0x58 zephyr/kernel/libkernel.a(thread.c.obj)
                0x000000000001053c                z_impl_k_thread_create
 .text.update_cache
                0x0000000000010594       0x3c zephyr/kernel/libkernel.a(sched.c.obj)
 .text.unready_thread
                0x00000000000105d0       0x30 zephyr/kernel/libkernel.a(sched.c.obj)
 .text.ready_thread
                0x0000000000010600       0x68 zephyr/kernel/libkernel.a(sched.c.obj)
 .text.z_thread_halt
                0x0000000000010668       0xe0 zephyr/kernel/libkernel.a(sched.c.obj)
 .text.move_thread_to_end_of_prio_q
                0x0000000000010748       0x74 zephyr/kernel/libkernel.a(sched.c.obj)
                0x0000000000010748                move_thread_to_end_of_prio_q
 .text.z_pend_curr
                0x00000000000107bc       0x58 zephyr/kernel/libkernel.a(sched.c.obj)
                0x00000000000107bc                z_pend_curr
 .text.z_thread_prio_set
                0x0000000000010814       0x88 zephyr/kernel/libkernel.a(sched.c.obj)
                0x0000000000010814                z_thread_prio_set
 .text.z_reschedule
                0x000000000001089c       0x24 zephyr/kernel/libkernel.a(sched.c.obj)
                0x000000000001089c                z_reschedule
 .text.z_sched_start
                0x00000000000108c0       0x3c zephyr/kernel/libkernel.a(sched.c.obj)
                0x00000000000108c0                z_sched_start
 .text.z_reschedule_irqlock
                0x00000000000108fc       0x28 zephyr/kernel/libkernel.a(sched.c.obj)
                0x00000000000108fc                z_reschedule_irqlock
 .text.k_sched_lock
                0x0000000000010924       0x28 zephyr/kernel/libkernel.a(sched.c.obj)
                0x0000000000010924                k_sched_lock
 .text.k_sched_unlock
                0x000000000001094c       0x40 zephyr/kernel/libkernel.a(sched.c.obj)
                0x000000000001094c                k_sched_unlock
 .text.z_sched_init
                0x000000000001098c       0x10 zephyr/kernel/libkernel.a(sched.c.obj)
                0x000000000001098c                z_sched_init
 .text.z_impl_k_yield
                0x000000000001099c       0x7c zephyr/kernel/libkernel.a(sched.c.obj)
                0x000000000001099c                z_impl_k_yield
 .text.z_tick_sleep
                0x0000000000010a18       0x88 zephyr/kernel/libkernel.a(sched.c.obj)
 .text.z_impl_k_sleep
                0x0000000000010aa0       0x3c zephyr/kernel/libkernel.a(sched.c.obj)
                0x0000000000010aa0                z_impl_k_sleep
 .text.z_impl_k_sched_current_thread_query
                0x0000000000010adc        0xc zephyr/kernel/libkernel.a(sched.c.obj)
                0x0000000000010adc                z_impl_k_sched_current_thread_query
 .text.z_sched_wait
                0x0000000000010ae8       0x24 zephyr/kernel/libkernel.a(sched.c.obj)
                0x0000000000010ae8                z_sched_wait
 .text.slice_timeout
                0x0000000000010b0c       0x20 zephyr/kernel/libkernel.a(timeslicing.c.obj)
 .text.thread_is_sliceable
                0x0000000000010b2c       0x3c zephyr/kernel/libkernel.a(timeslicing.c.obj)
                0x0000000000010b2c                thread_is_sliceable
 .text.z_reset_time_slice
                0x0000000000010b68       0x50 zephyr/kernel/libkernel.a(timeslicing.c.obj)
                0x0000000000010b68                z_reset_time_slice
 .text.z_time_slice
                0x0000000000010bb8       0x60 zephyr/kernel/libkernel.a(timeslicing.c.obj)
                0x0000000000010bb8                z_time_slice
 .text.z_data_copy
                0x0000000000010c18       0x34 zephyr/kernel/libkernel.a(xip.c.obj)
                0x0000000000010c18                z_data_copy
 .text.elapsed  0x0000000000010c4c       0x14 zephyr/kernel/libkernel.a(timeout.c.obj)
 .text.remove_timeout
                0x0000000000010c60       0x38 zephyr/kernel/libkernel.a(timeout.c.obj)
 .text.next_timeout
                0x0000000000010c98       0x40 zephyr/kernel/libkernel.a(timeout.c.obj)
 .text.z_add_timeout
                0x0000000000010cd8       0xf4 zephyr/kernel/libkernel.a(timeout.c.obj)
                0x0000000000010cd8                z_add_timeout
 .text.sys_clock_announce
                0x0000000000010dcc       0xd0 zephyr/kernel/libkernel.a(timeout.c.obj)
                0x0000000000010dcc                sys_clock_announce
 .text.sys_clock_tick_get
                0x0000000000010e9c       0x30 zephyr/kernel/libkernel.a(timeout.c.obj)
                0x0000000000010e9c                sys_clock_tick_get
 .text.z_timer_expiration_handler
                0x0000000000010ecc       0xe0 zephyr/kernel/libkernel.a(timer.c.obj)
                0x0000000000010ecc                z_timer_expiration_handler
 .text.z_impl_k_timer_start
                0x0000000000010fac       0x74 zephyr/kernel/libkernel.a(timer.c.obj)
                0x0000000000010fac                z_impl_k_timer_start
 .text.z_impl_k_poll_signal_raise
                0x0000000000011020       0x50 zephyr/kernel/libkernel.a(poll.c.obj)
                0x0000000000011020                z_impl_k_poll_signal_raise
 .text.k_aligned_alloc
                0x0000000000011070       0x10 zephyr/kernel/libkernel.a(mempool.c.obj)
                0x0000000000011070                k_aligned_alloc
 .text.k_thread_system_pool_assign
                0x0000000000011080        0xc zephyr/kernel/libkernel.a(mempool.c.obj)
                0x0000000000011080                k_thread_system_pool_assign
 .text.z_thread_aligned_alloc
                0x000000000001108c       0x30 zephyr/kernel/libkernel.a(mempool.c.obj)
                0x000000000001108c                z_thread_aligned_alloc
 .text.snprintf
                0x00000000000110bc       0x58 c:\ncs\toolchains\b620d30767\opt\zephyr-sdk\arm-zephyr-eabi\bin\../lib/gcc/../../picolibc/arm-zephyr-eabi/lib/thumb/v8-m.main/nofp\libc.a(libc_tinystdio_snprintf.c.o)
                0x00000000000110bc                snprintf
 .text.__l_vfprintf
                0x0000000000011114      0x4b4 c:\ncs\toolchains\b620d30767\opt\zephyr-sdk\arm-zephyr-eabi\bin\../lib/gcc/../../picolibc/arm-zephyr-eabi/lib/thumb/v8-m.main/nofp\libc.a(libc_tinystdio_vflprintf.c.o)
                0x0000000000011114                __l_vfprintf
 .text._OffsetAbsSyms
                0x00000000000115c8        0x2 zephyr/CMakeFiles/offsets.dir/./arch/arm/core/offsets/offsets.c.obj
                0x00000000000115c8                _OffsetAbsSyms
 .text.chunk_field
                0x00000000000115ca       0x16 zephyr/libzephyr.a(heap.c.obj)
 .text.chunk_set
                0x00000000000115e0       0x16 zephyr/libzephyr.a(heap.c.obj)
 .text.chunk_size
                0x00000000000115f6        0xc zephyr/libzephyr.a(heap.c.obj)
 .text.set_chunk_used
                0x0000000000011602       0x30 zephyr/libzephyr.a(heap.c.obj)
 .text.set_chunk_size
                0x0000000000011632        0x8 zephyr/libzephyr.a(heap.c.obj)
 .text.mem_to_chunkid
                0x000000000001163a       0x14 zephyr/libzephyr.a(heap.c.obj)
 .text.bucket_idx.isra.0
                0x000000000001164e       0x1c zephyr/libzephyr.a(heap.c.obj)
 .text.free_list_remove_bidx
                0x000000000001166a       0x5c zephyr/libzephyr.a(heap.c.obj)
 .text.free_list_remove
                0x00000000000116c6       0x2e zephyr/libzephyr.a(heap.c.obj)
 .text.alloc_chunk
                0x00000000000116f4       0x74 zephyr/libzephyr.a(heap.c.obj)
 .text.split_chunks
                0x0000000000011768       0x4e zephyr/libzephyr.a(heap.c.obj)
 .text.merge_chunks
                0x00000000000117b6       0x3c zephyr/libzephyr.a(heap.c.obj)
 .text.free_list_add
                0x00000000000117f2       0x84 zephyr/libzephyr.a(heap.c.obj)
 .text.free_chunk
                0x0000000000011876       0x84 zephyr/libzephyr.a(heap.c.obj)
 .text.sys_heap_free
                0x00000000000118fa       0x24 zephyr/libzephyr.a(heap.c.obj)
                0x00000000000118fa                sys_heap_free
 .text.sys_heap_alloc
                0x000000000001191e       0x6e zephyr/libzephyr.a(heap.c.obj)
                0x000000000001191e                sys_heap_alloc
 .text.sys_heap_aligned_alloc
                0x000000000001198c       0xe8 zephyr/libzephyr.a(heap.c.obj)
                0x000000000001198c                sys_heap_aligned_alloc
 .text.sys_heap_init
                0x0000000000011a74       0xb0 zephyr/libzephyr.a(heap.c.obj)
                0x0000000000011a74                sys_heap_init
 .text.cbpprintf_external
                0x0000000000011b24       0x62 zephyr/libzephyr.a(cbprintf_packaged.c.obj)
                0x0000000000011b24                cbpprintf_external
 .text.is_ptr   0x0000000000011b86       0x4a zephyr/libzephyr.a(cbprintf_packaged.c.obj)
                0x0000000000011b86                is_ptr
 .text.arch_printk_char_out
                0x0000000000011bd0        0x4 zephyr/libzephyr.a(printk.c.obj)
                0x0000000000011bd0                arch_printk_char_out
 .text.vprintk  0x0000000000011bd4        0x4 zephyr/libzephyr.a(printk.c.obj)
                0x0000000000011bd4                vprintk
 .text.printk   0x0000000000011bd8       0x1a zephyr/libzephyr.a(printk.c.obj)
                0x0000000000011bd8                printk
 .text.assert_print
                0x0000000000011bf2       0x1a zephyr/libzephyr.a(assert.c.obj)
                0x0000000000011bf2                assert_print
 .text.free_space
                0x0000000000011c0c       0x26 zephyr/libzephyr.a(mpsc_pbuf.c.obj)
 .text.get_usage
                0x0000000000011c32       0x22 zephyr/libzephyr.a(mpsc_pbuf.c.obj)
 .text.idx_inc  0x0000000000011c54       0x1c zephyr/libzephyr.a(mpsc_pbuf.c.obj)
 .text.rd_idx_inc
                0x0000000000011c70       0x18 zephyr/libzephyr.a(mpsc_pbuf.c.obj)
 .text.add_skip_item
                0x0000000000011c88       0x3e zephyr/libzephyr.a(mpsc_pbuf.c.obj)
 .text.drop_item_locked
                0x0000000000011cc6       0xee zephyr/libzephyr.a(mpsc_pbuf.c.obj)
 .text.post_drop_action
                0x0000000000011db4       0x36 zephyr/libzephyr.a(mpsc_pbuf.c.obj)
 .text.max_utilization_update
                0x0000000000011dea       0x1a zephyr/libzephyr.a(mpsc_pbuf.c.obj)
 .text.mpsc_pbuf_init
                0x0000000000011e04       0x42 zephyr/libzephyr.a(mpsc_pbuf.c.obj)
                0x0000000000011e04                mpsc_pbuf_init
 .text.mpsc_pbuf_alloc
                0x0000000000011e46       0xf8 zephyr/libzephyr.a(mpsc_pbuf.c.obj)
                0x0000000000011e46                mpsc_pbuf_alloc
 .text.mpsc_pbuf_commit
                0x0000000000011f3e       0x3e zephyr/libzephyr.a(mpsc_pbuf.c.obj)
                0x0000000000011f3e                mpsc_pbuf_commit
 .text.mpsc_pbuf_claim
                0x0000000000011f7c       0xa8 zephyr/libzephyr.a(mpsc_pbuf.c.obj)
                0x0000000000011f7c                mpsc_pbuf_claim
 .text.mpsc_pbuf_free
                0x0000000000012024       0x76 zephyr/libzephyr.a(mpsc_pbuf.c.obj)
                0x0000000000012024                mpsc_pbuf_free
 .text.mpsc_pbuf_is_pending
                0x000000000001209a       0x32 zephyr/libzephyr.a(mpsc_pbuf.c.obj)
                0x000000000001209a                mpsc_pbuf_is_pending
 .text.process_recheck
                0x00000000000120cc       0x38 zephyr/libzephyr.a(onoff.c.obj)
 .text.validate_args
                0x0000000000012104       0x20 zephyr/libzephyr.a(onoff.c.obj)
 .text.notify_one
                0x0000000000012124       0x2c zephyr/libzephyr.a(onoff.c.obj)
 .text.transition_complete
                0x0000000000012150       0x1a zephyr/libzephyr.a(onoff.c.obj)
 .text.onoff_manager_init
                0x000000000001216a       0x26 zephyr/libzephyr.a(onoff.c.obj)
                0x000000000001216a                onoff_manager_init
 .text.onoff_request
                0x0000000000012190       0xae zephyr/libzephyr.a(onoff.c.obj)
                0x0000000000012190                onoff_request
 .text.onoff_release
                0x000000000001223e       0x48 zephyr/libzephyr.a(onoff.c.obj)
                0x000000000001223e                onoff_release
 .text.sys_notify_validate
                0x0000000000012286       0x28 zephyr/libzephyr.a(notify.c.obj)
                0x0000000000012286                sys_notify_validate
 .text.sys_notify_finalize
                0x00000000000122ae       0x32 zephyr/libzephyr.a(notify.c.obj)
                0x00000000000122ae                sys_notify_finalize
 .text._ConfigAbsSyms
                0x00000000000122e0        0x2 zephyr/libzephyr.a(configs.c.obj)
                0x00000000000122e0                _ConfigAbsSyms
 .text.z_log_msg_simple_create_0.constprop.0
                0x00000000000122e2        0x8 zephyr/libzephyr.a(ipc_service.c.obj)
 .text.get_tx_buffer_size
                0x00000000000122ea        0x8 zephyr/libzephyr.a(ipc_rpmsg_static_vrings.c.obj)
 .text.drop_tx_buffer
                0x00000000000122f2        0x6 zephyr/libzephyr.a(ipc_rpmsg_static_vrings.c.obj)
 .text.release_rx_buffer
                0x00000000000122f8       0x16 zephyr/libzephyr.a(ipc_rpmsg_static_vrings.c.obj)
 .text.hold_rx_buffer
                0x000000000001230e       0x16 zephyr/libzephyr.a(ipc_rpmsg_static_vrings.c.obj)
 .text.send_nocopy
                0x0000000000012324       0x3a zephyr/libzephyr.a(ipc_rpmsg_static_vrings.c.obj)
 .text.get_tx_buffer
                0x000000000001235e       0x7c zephyr/libzephyr.a(ipc_rpmsg_static_vrings.c.obj)
 .text.rpmsg_service_unbind
                0x00000000000123da        0x4 zephyr/libzephyr.a(ipc_rpmsg_static_vrings.c.obj)
 .text.get_ept_slot_with_name
                0x00000000000123de       0x2c zephyr/libzephyr.a(ipc_rpmsg_static_vrings.c.obj)
 .text.mbox_callback
                0x000000000001240a        0xc zephyr/libzephyr.a(ipc_rpmsg_static_vrings.c.obj)
 .text.mbox_callback_process
                0x0000000000012416       0x1a zephyr/libzephyr.a(ipc_rpmsg_static_vrings.c.obj)
 .text.virtio_notify_cb
                0x0000000000012430       0x12 zephyr/libzephyr.a(ipc_rpmsg_static_vrings.c.obj)
 .text.k_mutex_unlock.isra.0
                0x0000000000012442        0x4 zephyr/libzephyr.a(ipc_rpmsg_static_vrings.c.obj)
 .text.atomic_set.isra.0
                0x0000000000012446        0xe zephyr/libzephyr.a(ipc_rpmsg_static_vrings.c.obj)
 .text.backend_init
                0x0000000000012454       0x22 zephyr/libzephyr.a(ipc_rpmsg_static_vrings.c.obj)
 .text.ns_bind_cb
                0x0000000000012476       0x70 zephyr/libzephyr.a(ipc_rpmsg_static_vrings.c.obj)
 .text.shm_size
                0x00000000000124e6       0x20 zephyr/libzephyr.a(ipc_rpmsg_static_vrings.c.obj)
 .text.close    0x0000000000012506       0xb6 zephyr/libzephyr.a(ipc_rpmsg_static_vrings.c.obj)
 .text.ept_cb   0x00000000000125bc       0x2e zephyr/libzephyr.a(ipc_rpmsg_static_vrings.c.obj)
 .text.rpmsg_service_unbind
                0x00000000000125ea        0x4 zephyr/libzephyr.a(ipc_rpmsg.c.obj)
 .text.ipc_rpmsg_deinit
                0x00000000000125ee       0x28 zephyr/libzephyr.a(ipc_rpmsg.c.obj)
                0x00000000000125ee                ipc_rpmsg_deinit
 .text.ipc_virtio_notify
                0x0000000000012616       0x10 zephyr/libzephyr.a(ipc_static_vrings.c.obj)
 .text.ipc_virtio_set_features
                0x0000000000012626        0x2 zephyr/libzephyr.a(ipc_static_vrings.c.obj)
 .text.ipc_virtio_set_status
                0x0000000000012628        0xc zephyr/libzephyr.a(ipc_static_vrings.c.obj)
 .text.ipc_virtio_get_features
                0x0000000000012634        0x4 zephyr/libzephyr.a(ipc_static_vrings.c.obj)
 .text.ipc_virtio_get_status
                0x0000000000012638       0x14 zephyr/libzephyr.a(ipc_static_vrings.c.obj)
 .text.virtqueue_allocate
                0x000000000001264c       0x1c zephyr/libzephyr.a(ipc_static_vrings.c.obj)
 .text.ipc_static_vrings_deinit
                0x0000000000012668       0x60 zephyr/libzephyr.a(ipc_static_vrings.c.obj)
                0x0000000000012668                ipc_static_vrings_deinit
 .text.log_msg_generic_get_wlen
                0x00000000000126c8       0x20 zephyr/libzephyr.a(log_core.c.obj)
 .text.dummy_timestamp
                0x00000000000126e8        0x4 zephyr/libzephyr.a(log_core.c.obj)
 .text.default_get_timestamp
                0x00000000000126ec        0x4 zephyr/libzephyr.a(log_core.c.obj)
 .text.atomic_inc
                0x00000000000126f0       0x12 zephyr/libzephyr.a(log_core.c.obj)
 .text.z_log_vprintk
                0x0000000000012702       0x1c zephyr/libzephyr.a(log_core.c.obj)
                0x0000000000012702                z_log_vprintk
 .text.z_log_notify_drop
                0x000000000001271e        0x6 zephyr/libzephyr.a(log_core.c.obj)
 .text.z_log_get_tag
                0x0000000000012724        0x4 zephyr/libzephyr.a(log_core.c.obj)
                0x0000000000012724                z_log_get_tag
 .text.z_cbprintf_cpy
                0x0000000000012728       0x2c zephyr/libzephyr.a(log_msg.c.obj)
 .text.z_log_msg_finalize
                0x0000000000012754       0x32 zephyr/libzephyr.a(log_msg.c.obj)
                0x0000000000012754                z_log_msg_finalize
 .text.z_log_msg_simple_create
                0x0000000000012786       0x6e zephyr/libzephyr.a(log_msg.c.obj)
 .text.z_impl_z_log_msg_simple_create_0
                0x00000000000127f4       0x12 zephyr/libzephyr.a(log_msg.c.obj)
                0x00000000000127f4                z_impl_z_log_msg_simple_create_0
 .text.z_impl_z_log_msg_simple_create_1
                0x0000000000012806       0x14 zephyr/libzephyr.a(log_msg.c.obj)
                0x0000000000012806                z_impl_z_log_msg_simple_create_1
 .text.z_impl_z_log_msg_simple_create_2
                0x000000000001281a       0x18 zephyr/libzephyr.a(log_msg.c.obj)
                0x000000000001281a                z_impl_z_log_msg_simple_create_2
 .text.log_output_write
                0x0000000000012832       0x1c zephyr/libzephyr.a(log_output.c.obj)
 .text.log_output_flush
                0x000000000001284e       0x1a zephyr/libzephyr.a(log_output.c.obj)
 .text.out_func
                0x0000000000012868       0x2e zephyr/libzephyr.a(log_output.c.obj)
 .text.cr_out_func
                0x0000000000012896       0x1c zephyr/libzephyr.a(log_output.c.obj)
 .text.log_output_msg_process
                0x00000000000128b2       0x6a zephyr/libzephyr.a(log_output.c.obj)
                0x00000000000128b2                log_output_msg_process
 .text._copy    0x000000000001291c       0x1a zephyr/libzephyr.a(utils.c.obj)
                0x000000000001291c                _copy
 .text._set     0x0000000000012936        0x4 zephyr/libzephyr.a(utils.c.obj)
                0x0000000000012936                _set
 .text.tc_sha256_update
                0x000000000001293a       0x4c zephyr/libzephyr.a(sha256.c.obj)
                0x000000000001293a                tc_sha256_update
 .text.tc_sha256_final
                0x0000000000012986       0xba zephyr/libzephyr.a(sha256.c.obj)
                0x0000000000012986                tc_sha256_final
 .text.rekey    0x0000000000012a40       0x4c zephyr/libzephyr.a(hmac.c.obj)
 .text.tc_hmac_set_key
                0x0000000000012a8c       0x68 zephyr/libzephyr.a(hmac.c.obj)
                0x0000000000012a8c                tc_hmac_set_key
 .text.tc_hmac_init
                0x0000000000012af4       0x1a zephyr/libzephyr.a(hmac.c.obj)
                0x0000000000012af4                tc_hmac_init
 .text.tc_hmac_update
                0x0000000000012b0e        0xc zephyr/libzephyr.a(hmac.c.obj)
                0x0000000000012b0e                tc_hmac_update
 .text.tc_hmac_final
                0x0000000000012b1a       0x50 zephyr/libzephyr.a(hmac.c.obj)
                0x0000000000012b1a                tc_hmac_final
 .text.update   0x0000000000012b6a      0x122 zephyr/libzephyr.a(hmac_prng.c.obj)
 .text.tc_hmac_prng_init
                0x0000000000012c8c       0x40 zephyr/libzephyr.a(hmac_prng.c.obj)
                0x0000000000012c8c                tc_hmac_prng_init
 .text.tc_hmac_prng_reseed
                0x0000000000012ccc       0x32 zephyr/libzephyr.a(hmac_prng.c.obj)
                0x0000000000012ccc                tc_hmac_prng_reseed
 .text.tc_hmac_prng_generate
                0x0000000000012cfe       0x8e zephyr/libzephyr.a(hmac_prng.c.obj)
                0x0000000000012cfe                tc_hmac_prng_generate
 .text.z_do_kernel_oops
                0x0000000000012d8c        0x8 zephyr/arch/arch/arm/core/libarch__arm__core.a(fatal.c.obj)
                0x0000000000012d8c                z_do_kernel_oops
 .text.z_arm_nmi
                0x0000000000012d94        0xe zephyr/arch/arch/arm/core/libarch__arm__core.a(nmi.c.obj)
                0x0000000000012d94                z_arm_nmi
 .text.z_log_msg_simple_create_0.constprop.0
                0x0000000000012da2        0x8 zephyr/arch/arch/arm/core/cortex_m/libarch__arm__core__cortex_m.a(fault.c.obj)
 .text.z_arm_save_fp_context
                0x0000000000012daa        0x2 zephyr/arch/arch/arm/core/cortex_m/libarch__arm__core__cortex_m.a(fpu.c.obj)
                0x0000000000012daa                z_arm_save_fp_context
 .text.z_arm_restore_fp_context
                0x0000000000012dac        0x2 zephyr/arch/arch/arm/core/cortex_m/libarch__arm__core__cortex_m.a(fpu.c.obj)
                0x0000000000012dac                z_arm_restore_fp_context
 .text.z_irq_spurious
                0x0000000000012dae        0x8 zephyr/arch/arch/arm/core/cortex_m/libarch__arm__core__cortex_m.a(irq_manage.c.obj)
                0x0000000000012dae                z_irq_spurious
 .text.configure_builtin_stack_guard
                0x0000000000012db6        0x8 zephyr/arch/arch/arm/core/cortex_m/libarch__arm__core__cortex_m.a(thread.c.obj)
                0x0000000000012db6                configure_builtin_stack_guard
 .text.arch_irq_unlock_outlined
                0x0000000000012dbe        0xe zephyr/arch/arch/arm/core/cortex_m/libarch__arm__core__cortex_m.a(thread.c.obj)
                0x0000000000012dbe                arch_irq_unlock_outlined
 .text.arch_cpu_idle
                0x0000000000012dcc       0x32 zephyr/arch/arch/arm/core/cortex_m/libarch__arm__core__cortex_m.a(cpu_idle.c.obj)
                0x0000000000012dcc                arch_cpu_idle
 .text.arm_cmse_mpu_region_get
                0x0000000000012dfe       0x12 zephyr/arch/arch/arm/core/cortex_m/cmse/libarch__arm__core__cortex_m__cmse.a(arm_core_cmse.c.obj)
                0x0000000000012dfe                arm_cmse_mpu_region_get
 .text.mpu_configure_region
                0x0000000000012e10       0x32 zephyr/arch/arch/arm/core/mpu/libarch__arm__core__mpu.a(arm_mpu.c.obj)
 .text.cbputc   0x0000000000012e42        0xc zephyr/lib/libc/picolibc/liblib__libc__picolibc.a(libc-hooks.c.obj)
 .text.picolibc_put
                0x0000000000012e4e        0xa zephyr/lib/libc/picolibc/liblib__libc__picolibc.a(libc-hooks.c.obj)
 .text.fixed_data_unref
                0x0000000000012e58        0x2 zephyr/lib/net_buf/liblib__net_buf.a(buf.c.obj)
 .text.net_buf_reset
                0x0000000000012e5a        0xa zephyr/lib/net_buf/liblib__net_buf.a(buf.c.obj)
                0x0000000000012e5a                net_buf_reset
 .text.net_buf_alloc_fixed
                0x0000000000012e64        0x8 zephyr/lib/net_buf/liblib__net_buf.a(buf.c.obj)
                0x0000000000012e64                net_buf_alloc_fixed
 .text.net_buf_slist_put
                0x0000000000012e6c       0x2a zephyr/lib/net_buf/liblib__net_buf.a(buf.c.obj)
                0x0000000000012e6c                net_buf_slist_put
 .text.net_buf_slist_get
                0x0000000000012e96       0x2c zephyr/lib/net_buf/liblib__net_buf.a(buf.c.obj)
                0x0000000000012e96                net_buf_slist_get
 .text.net_buf_ref
                0x0000000000012ec2        0x8 zephyr/lib/net_buf/liblib__net_buf.a(buf.c.obj)
                0x0000000000012ec2                net_buf_ref
 .text.net_buf_simple_reserve
                0x0000000000012eca        0x8 zephyr/lib/net_buf/liblib__net_buf.a(buf_simple.c.obj)
                0x0000000000012eca                net_buf_simple_reserve
 .text.net_buf_simple_add
                0x0000000000012ed2        0xc zephyr/lib/net_buf/liblib__net_buf.a(buf_simple.c.obj)
                0x0000000000012ed2                net_buf_simple_add
 .text.net_buf_simple_add_mem
                0x0000000000012ede       0x12 zephyr/lib/net_buf/liblib__net_buf.a(buf_simple.c.obj)
                0x0000000000012ede                net_buf_simple_add_mem
 .text.net_buf_simple_add_u8
                0x0000000000012ef0       0x10 zephyr/lib/net_buf/liblib__net_buf.a(buf_simple.c.obj)
                0x0000000000012ef0                net_buf_simple_add_u8
 .text.net_buf_simple_push_u8
                0x0000000000012f00       0x12 zephyr/lib/net_buf/liblib__net_buf.a(buf_simple.c.obj)
                0x0000000000012f00                net_buf_simple_push_u8
 .text.net_buf_simple_pull_mem
                0x0000000000012f12       0x10 zephyr/lib/net_buf/liblib__net_buf.a(buf_simple.c.obj)
                0x0000000000012f12                net_buf_simple_pull_mem
 .text.net_buf_simple_headroom
                0x0000000000012f22        0x8 zephyr/lib/net_buf/liblib__net_buf.a(buf_simple.c.obj)
                0x0000000000012f22                net_buf_simple_headroom
 .text.net_buf_simple_tailroom
                0x0000000000012f2a       0x10 zephyr/lib/net_buf/liblib__net_buf.a(buf_simple.c.obj)
                0x0000000000012f2a                net_buf_simple_tailroom
 .text.nordicsemi_nrf53_init
                0x0000000000012f3a       0x38 zephyr/soc/soc/nrf5340/libsoc__nordic.a(soc.c.obj)
 .text.nrf53_cpunet_init
                0x0000000000012f72        0xa zephyr/soc/soc/nrf5340/libsoc__nordic.a(nrf53_cpunet_mgmt.c.obj)
 .text.soc_secure_gpio_pin_mcu_select
                0x0000000000012f7c        0xe zephyr/soc/soc/nrf5340/libsoc__nordic.a(soc_secure.c.obj)
                0x0000000000012f7c                soc_secure_gpio_pin_mcu_select
 .text.bt_addr_le_create_static
                0x0000000000012f8a       0x1c zephyr/subsys/bluetooth/host/libsubsys__bluetooth__host.a(addr.c.obj)
                0x0000000000012f8a                bt_addr_le_create_static
 .text.z_log_msg_simple_create_1
                0x0000000000012fa6        0x4 zephyr/subsys/bluetooth/host/libsubsys__bluetooth__host.a(hci_core.c.obj)
 .text.atomic_or
                0x0000000000012faa       0x16 zephyr/subsys/bluetooth/host/libsubsys__bluetooth__host.a(hci_core.c.obj)
 .text.z_log_msg_static_create.constprop.0
                0x0000000000012fc0        0x6 zephyr/subsys/bluetooth/host/libsubsys__bluetooth__host.a(hci_core.c.obj)
 .text.handle_event
                0x0000000000012fc6       0x1c zephyr/subsys/bluetooth/host/libsubsys__bluetooth__host.a(hci_core.c.obj)
 .text.atomic_and.isra.0
                0x0000000000012fe2       0x10 zephyr/subsys/bluetooth/host/libsubsys__bluetooth__host.a(hci_core.c.obj)
 .text.tx_processor
                0x0000000000012ff2       0x16 zephyr/subsys/bluetooth/host/libsubsys__bluetooth__host.a(hci_core.c.obj)
 .text.bt_addr_le_eq
                0x0000000000013008       0x10 zephyr/subsys/bluetooth/host/libsubsys__bluetooth__host.a(id.c.obj)
 .text.z_log_msg_simple_create_0
                0x0000000000013018        0x4 zephyr/subsys/bluetooth/host/libsubsys__bluetooth__host.a(id.c.obj)
 .text.bt_id_set_adv_random_addr
                0x000000000001301c       0x10 zephyr/subsys/bluetooth/host/libsubsys__bluetooth__host.a(id.c.obj)
                0x000000000001301c                bt_id_set_adv_random_addr
 .text.bt_id_set_adv_private_addr
                0x000000000001302c       0x2e zephyr/subsys/bluetooth/host/libsubsys__bluetooth__host.a(id.c.obj)
                0x000000000001302c                bt_id_set_adv_private_addr
 .text.bt_id_adv_random_addr_check
                0x000000000001305a        0x8 zephyr/subsys/bluetooth/host/libsubsys__bluetooth__host.a(id.c.obj)
                0x000000000001305a                bt_id_adv_random_addr_check
 .text.get_adv_channel_map
                0x0000000000013062       0x1e zephyr/subsys/bluetooth/host/libsubsys__bluetooth__host.a(adv.c.obj)
 .text.atomic_get
                0x0000000000013080        0x6 zephyr/subsys/bluetooth/host/libsubsys__bluetooth__host.a(adv.c.obj)
 .text.atomic_and
                0x0000000000013086       0x16 zephyr/subsys/bluetooth/host/libsubsys__bluetooth__host.a(adv.c.obj)
 .text.atomic_set_bit_to
                0x000000000001309c       0x26 zephyr/subsys/bluetooth/host/libsubsys__bluetooth__host.a(adv.c.obj)
 .text.le_adv_update.constprop.0
                0x00000000000130c2       0xe4 zephyr/subsys/bluetooth/host/libsubsys__bluetooth__host.a(adv.c.obj)
 .text.get_adv_name_type_param
                0x00000000000131a6       0x20 zephyr/subsys/bluetooth/host/libsubsys__bluetooth__host.a(adv.c.obj)
                0x00000000000131a6                get_adv_name_type_param
 .text.bt_le_adv_set_enable_legacy
                0x00000000000131c6       0x4a zephyr/subsys/bluetooth/host/libsubsys__bluetooth__host.a(adv.c.obj)
                0x00000000000131c6                bt_le_adv_set_enable_legacy
 .text.bt_le_lim_adv_cancel_timeout
                0x0000000000013210        0x6 zephyr/subsys/bluetooth/host/libsubsys__bluetooth__host.a(adv.c.obj)
                0x0000000000013210                bt_le_lim_adv_cancel_timeout
 .text.hci_ept_bound
                0x0000000000013216        0x8 zephyr/drivers/bluetooth/libdrivers__bluetooth.a(ipc.c.obj)
 .text.z_log_msg_simple_create_1.constprop.0
                0x000000000001321e        0xa zephyr/drivers/bluetooth/libdrivers__bluetooth.a(ipc.c.obj)
 .text.bt_hci_transport_teardown
                0x0000000000013228        0xc zephyr/drivers/bluetooth/libdrivers__bluetooth.a(nrf53_support.c.obj)
                0x0000000000013228                bt_hci_transport_teardown
 .text.bt_hci_transport_setup
                0x0000000000013234        0xc zephyr/drivers/bluetooth/libdrivers__bluetooth.a(nrf53_support.c.obj)
                0x0000000000013234                bt_hci_transport_setup
 .text.get_status
                0x0000000000013240       0x12 zephyr/drivers/clock_control/libdrivers__clock_control.a(clock_control_nrf.c.obj)
 .text.stop     0x0000000000013252       0x50 zephyr/drivers/clock_control/libdrivers__clock_control.a(clock_control_nrf.c.obj)
 .text.api_stop
                0x00000000000132a2        0x6 zephyr/drivers/clock_control/libdrivers__clock_control.a(clock_control_nrf.c.obj)
 .text.async_start
                0x00000000000132a8       0x5a zephyr/drivers/clock_control/libdrivers__clock_control.a(clock_control_nrf.c.obj)
 .text.api_start
                0x0000000000013302        0xe zephyr/drivers/clock_control/libdrivers__clock_control.a(clock_control_nrf.c.obj)
 .text.onoff_started_callback
                0x0000000000013310       0x12 zephyr/drivers/clock_control/libdrivers__clock_control.a(clock_control_nrf.c.obj)
 .text.hfclkaudio_start
                0x0000000000013322        0x6 zephyr/drivers/clock_control/libdrivers__clock_control.a(clock_control_nrf.c.obj)
 .text.hfclk192m_start
                0x0000000000013328        0x6 zephyr/drivers/clock_control/libdrivers__clock_control.a(clock_control_nrf.c.obj)
 .text.lfclk_start
                0x000000000001332e        0x6 zephyr/drivers/clock_control/libdrivers__clock_control.a(clock_control_nrf.c.obj)
 .text.hfclkaudio_stop
                0x0000000000013334        0x6 zephyr/drivers/clock_control/libdrivers__clock_control.a(clock_control_nrf.c.obj)
 .text.hfclk192m_stop
                0x000000000001333a        0x6 zephyr/drivers/clock_control/libdrivers__clock_control.a(clock_control_nrf.c.obj)
 .text.lfclk_stop
                0x0000000000013340        0x6 zephyr/drivers/clock_control/libdrivers__clock_control.a(clock_control_nrf.c.obj)
 .text.blocking_start_callback
                0x0000000000013346        0x6 zephyr/drivers/clock_control/libdrivers__clock_control.a(clock_control_nrf.c.obj)
 .text.gpio_nrfx_port_get_raw
                0x000000000001334c        0xc zephyr/drivers/gpio/libdrivers__gpio.a(gpio_nrfx.c.obj)
 .text.gpio_nrfx_port_set_masked_raw
                0x0000000000013358       0x14 zephyr/drivers/gpio/libdrivers__gpio.a(gpio_nrfx.c.obj)
 .text.gpio_nrfx_port_set_bits_raw
                0x000000000001336c        0xa zephyr/drivers/gpio/libdrivers__gpio.a(gpio_nrfx.c.obj)
 .text.gpio_nrfx_port_clear_bits_raw
                0x0000000000013376        0xa zephyr/drivers/gpio/libdrivers__gpio.a(gpio_nrfx.c.obj)
 .text.gpio_nrfx_port_toggle_bits
                0x0000000000013380       0x14 zephyr/drivers/gpio/libdrivers__gpio.a(gpio_nrfx.c.obj)
 .text.gpio_nrfx_manage_callback
                0x0000000000013394       0x52 zephyr/drivers/gpio/libdrivers__gpio.a(gpio_nrfx.c.obj)
 .text.mbox_nrf_register_callback
                0x00000000000133e6       0x1c zephyr/drivers/mbox/libdrivers__mbox.a(mbox_nrfx_ipc.c.obj)
 .text.mbox_nrf_mtu_get
                0x0000000000013402        0x4 zephyr/drivers/mbox/libdrivers__mbox.a(mbox_nrfx_ipc.c.obj)
 .text.mbox_nrf_max_channels_get
                0x0000000000013406        0x4 zephyr/drivers/mbox/libdrivers__mbox.a(mbox_nrfx_ipc.c.obj)
 .text.event_clear
                0x000000000001340a       0x18 zephyr/drivers/timer/libdrivers__timer.a(nrf_rtc_timer.c.obj)
 .text.z_nrf_rtc_timer_capture_task_address_get
                0x0000000000013422       0x14 zephyr/drivers/timer/libdrivers__timer.a(nrf_rtc_timer.c.obj)
                0x0000000000013422                z_nrf_rtc_timer_capture_task_address_get
 .text.z_nrf_rtc_timer_set
                0x0000000000013436       0x18 zephyr/drivers/timer/libdrivers__timer.a(nrf_rtc_timer.c.obj)
                0x0000000000013436                z_nrf_rtc_timer_set
 .text.sys_clock_cycle_get_32
                0x000000000001344e        0x8 zephyr/drivers/timer/libdrivers__timer.a(nrf_rtc_timer.c.obj)